2024-10-07 21:45:34.906 WARNING (SyncWorker_0) [homeassistant.util.yaml.loader] YAML file /config/automations/water_autopot.yaml contains duplicate key "alias". Check lines 21 and 54
2024-10-07 21:45:34.906 WARNING (SyncWorker_0) [homeassistant.util.yaml.loader] YAML file /config/automations/water_autopot.yaml contains duplicate key "id". Check lines 22 and 55
2024-10-07 21:45:34.906 WARNING (SyncWorker_0) [homeassistant.util.yaml.loader] YAML file /config/automations/water_autopot.yaml contains duplicate key "description". Check lines 23 and 56
2024-10-07 21:45:34.906 WARNING (SyncWorker_0) [homeassistant.util.yaml.loader] YAML file /config/automations/water_autopot.yaml contains duplicate key "trigger". Check lines 24 and 57
2024-10-07 21:45:34.906 WARNING (SyncWorker_0) [homeassistant.util.yaml.loader] YAML file /config/automations/water_autopot.yaml contains duplicate key "condition". Check lines 27 and 60
2024-10-07 21:45:34.907 WARNING (SyncWorker_0) [homeassistant.util.yaml.loader] YAML file /config/automations/water_autopot.yaml contains duplicate key "action". Check lines 44 and 77
2024-10-07 21:45:35.081 WARNING (SyncWorker_0) [homeassistant.loader] We found a custom integration hacs which has not been tested by Home Assistant. This component might cause stability problems, be sure to disable it if you experience issues with Home Assistant
2024-10-07 21:45:35.083 WARNING (SyncWorker_0) [homeassistant.loader] We found a custom integration webrtc which has not been tested by Home Assistant. This component might cause stability problems, be sure to disable it if you experience issues with Home Assistant
2024-10-07 21:45:35.086 WARNING (SyncWorker_0) [homeassistant.loader] We found a custom integration mjpeg_timelapse which has not been tested by Home Assistant. This component might cause stability problems, be sure to disable it if you experience issues with Home Assistant
2024-10-07 21:45:35.088 WARNING (SyncWorker_0) [homeassistant.loader] We found a custom integration moonraker which has not been tested by Home Assistant. This component might cause stability problems, be sure to disable it if you experience issues with Home Assistant
2024-10-07 21:45:35.091 WARNING (SyncWorker_0) [homeassistant.loader] We found a custom integration nodered which has not been tested by Home Assistant. This component might cause stability problems, be sure to disable it if you experience issues with Home Assistant
2024-10-07 21:45:36.193 WARNING (MainThread) [homeassistant.components.hassio.handler] Found incompatible HTTP option 'server_host'. Watchdog feature disabled
2024-10-07 21:46:10.982 WARNING (MainThread) [habluetooth.scanner] hci0 (D8:3A:DD:2B:61:05): Successful fall-back to passive scanning mode after active scanning failed (4/4)
2024-10-07 21:46:11.846 ERROR (MainThread) [homeassistant.components.input_boolean] Platform input_boolean does not generate unique IDs. ID irrigation_enable already exists - ignoring input_boolean.irrigation_enable
2024-10-07 21:46:13.786 ERROR (MainThread) [homeassistant.components.input_datetime] Platform input_datetime does not generate unique IDs. ID flip_date already exists - ignoring input_datetime.flip_date
2024-10-07 21:46:13.786 ERROR (MainThread) [homeassistant.components.input_datetime] Platform input_datetime does not generate unique IDs. ID first_sun already exists - ignoring input_datetime.first_sun
2024-10-07 21:46:13.792 ERROR (MainThread) [homeassistant.components.input_text] Platform input_text does not generate unique IDs. ID remarks already exists - ignoring input_text.remarks
2024-10-07 21:46:13.793 ERROR (MainThread) [homeassistant.components.input_text] Platform input_text does not generate unique IDs. ID medium already exists - ignoring input_text.medium
2024-10-07 21:46:22.498 WARNING (MainThread) [homeassistant.components.template.config] The entity definition format under template: differs from the platform configuration format. See https://www.home-assistant.io/integrations/template#configuration-for-trigger-based-template-sensors
2024-10-07 21:46:23.601 DEBUG (MainThread) [homeassistant.components.automation.light_height_automation] Loaded automation automation.light_height_automation with state True from state storage last state <state automation.light_height_automation=on; id=automations_light_height, last_triggered=2024-10-07T00:43:00.334495+00:00, mode=single, current=0, friendly_name=Light Height Automation @ 2024-10-07T16:53:06.110918+02:00>
2024-10-07 21:46:23.605 DEBUG (MainThread) [homeassistant.components.automation.timelapse] Loaded automation automation.timelapse with state True from state storage last state <state automation.timelapse=on; id=automations_timelapse, last_triggered=2024-10-07T18:00:00.488274+00:00, mode=single, current=0, friendly_name=Timelapse @ 2024-10-07T16:53:06.113116+02:00>
2024-10-07 21:46:23.606 DEBUG (MainThread) [homeassistant.components.automation.vpd_control_automation] Loaded automation automation.vpd_control_automation with state True from state storage last state <state automation.vpd_control_automation=on; id=automations_vpd, last_triggered=2024-10-07T19:44:00.260233+00:00, mode=single, current=0, friendly_name=VPD Control Automation @ 2024-10-07T19:50:26.728846+02:00>
2024-10-07 21:46:23.606 DEBUG (MainThread) [homeassistant.components.automation.water_circulation] Loaded automation automation.water_circulation with state True from state storage last state <state automation.water_circulation=on; id=automations_water_circulation, last_triggered=None, mode=single, current=0, friendly_name=Water Circulation @ 2024-10-07T21:31:51.325362+02:00>
2024-10-07 21:46:23.607 DEBUG (MainThread) [homeassistant.components.automation.light_intensity_control] Loaded automation automation.light_intensity_control with state True from state storage last state <state automation.light_intensity_control=on; id=automations_light_intensity, last_triggered=2024-10-07T19:44:10.505480+00:00, mode=single, current=0, friendly_name=Light Intensity Control @ 2024-10-07T21:30:19.403355+02:00>
2024-10-07 21:46:23.726 ERROR (MainThread) [homeassistant.core] Error running job: <Job onetime listen homeassistant_start <function _async_at_core_state.<locals>._matched_event at 0x7f79f31580> HassJobType.Callback <_OneTimeListener homeassistant.helpers.start:<function _async_at_core_state.<locals>._matched_event at 0x7f79f31580>>>
Traceback (most recent call last):
  File "/usr/src/homeassistant/homeassistant/components/sensor/__init__.py", line 657, in state
    numerical_value = int(value)
                      ^^^^^^^^^^
ValueError: invalid literal for int() with base 10: 'unknown'

During handling of the above exception, another exception occurred:

Traceback (most recent call last):
  File "/usr/src/homeassistant/homeassistant/components/sensor/__init__.py", line 660, in state
    numerical_value = float(value)
                      ^^^^^^^^^^^^
ValueError: could not convert string to float: 'unknown'

The above exception was the direct cause of the following exception:

Traceback (most recent call last):
  File "/usr/src/homeassistant/homeassistant/core.py", line 1562, in async_fire_internal
    self._hass.async_run_hass_job(job, event)
  File "/usr/src/homeassistant/homeassistant/core.py", line 937, in async_run_hass_job
    hassjob.target(*args)
  File "/usr/src/homeassistant/homeassistant/core.py", line 1423, in __call__
    self.hass.async_run_hass_job(self.listener_job, event)
  File "/usr/src/homeassistant/homeassistant/core.py", line 937, in async_run_hass_job
    hassjob.target(*args)
  File "/usr/src/homeassistant/homeassistant/helpers/start.py", line 44, in _matched_event
    hass.async_run_hass_job(at_start_job, hass)
  File "/usr/src/homeassistant/homeassistant/core.py", line 937, in async_run_hass_job
    hassjob.target(*args)
  File "/usr/src/homeassistant/homeassistant/components/template/template_entity.py", line 487, in _async_template_startup
    result_info.async_refresh()
  File "/usr/src/homeassistant/homeassistant/helpers/event.py", line 1122, in async_refresh
    self._refresh(None)
  File "/usr/src/homeassistant/homeassistant/helpers/event.py", line 1308, in _refresh
    self.hass.async_run_hass_job(self._job, event, updates)
  File "/usr/src/homeassistant/homeassistant/core.py", line 937, in async_run_hass_job
    hassjob.target(*args)
  File "/usr/src/homeassistant/homeassistant/components/template/template_entity.py", line 436, in _handle_results
    self.async_write_ha_state()
  File "/usr/src/homeassistant/homeassistant/helpers/entity.py", line 1005, in async_write_ha_state
    self._async_write_ha_state()
  File "/usr/src/homeassistant/homeassistant/helpers/entity.py", line 1130, in _async_write_ha_state
    self.__async_calculate_state()
  File "/usr/src/homeassistant/homeassistant/helpers/entity.py", line 1067, in __async_calculate_state
    state = self._stringify_state(available)
            ^^^^^^^^^^^^^^^^^^^^^^^^^^^^^^^^
  File "/usr/src/homeassistant/homeassistant/helpers/entity.py", line 1011, in _stringify_state
    if (state := self.state) is None:
                 ^^^^^^^^^^
  File "/usr/src/homeassistant/homeassistant/components/sensor/__init__.py", line 664, in state
    raise ValueError(
ValueError: Sensor sensor.combined_humidity has device class 'None', state class 'None' unit '%' and suggested precision 'None' thus indicating it has a numeric value; however, it has the non-numeric value: 'unknown' (<class 'str'>)
2024-10-07 21:46:23.763 ERROR (MainThread) [homeassistant.core] Error running job: <Job onetime listen homeassistant_start <function _async_at_core_state.<locals>._matched_event at 0x7f79f318a0> HassJobType.Callback <_OneTimeListener homeassistant.helpers.start:<function _async_at_core_state.<locals>._matched_event at 0x7f79f318a0>>>
Traceback (most recent call last):
  File "/usr/src/homeassistant/homeassistant/components/sensor/__init__.py", line 657, in state
    numerical_value = int(value)
                      ^^^^^^^^^^
ValueError: invalid literal for int() with base 10: 'unknown'

During handling of the above exception, another exception occurred:

Traceback (most recent call last):
  File "/usr/src/homeassistant/homeassistant/components/sensor/__init__.py", line 660, in state
    numerical_value = float(value)
                      ^^^^^^^^^^^^
ValueError: could not convert string to float: 'unknown'

The above exception was the direct cause of the following exception:

Traceback (most recent call last):
  File "/usr/src/homeassistant/homeassistant/core.py", line 1562, in async_fire_internal
    self._hass.async_run_hass_job(job, event)
  File "/usr/src/homeassistant/homeassistant/core.py", line 937, in async_run_hass_job
    hassjob.target(*args)
  File "/usr/src/homeassistant/homeassistant/core.py", line 1423, in __call__
    self.hass.async_run_hass_job(self.listener_job, event)
  File "/usr/src/homeassistant/homeassistant/core.py", line 937, in async_run_hass_job
    hassjob.target(*args)
  File "/usr/src/homeassistant/homeassistant/helpers/start.py", line 44, in _matched_event
    hass.async_run_hass_job(at_start_job, hass)
  File "/usr/src/homeassistant/homeassistant/core.py", line 937, in async_run_hass_job
    hassjob.target(*args)
  File "/usr/src/homeassistant/homeassistant/components/template/template_entity.py", line 487, in _async_template_startup
    result_info.async_refresh()
  File "/usr/src/homeassistant/homeassistant/helpers/event.py", line 1122, in async_refresh
    self._refresh(None)
  File "/usr/src/homeassistant/homeassistant/helpers/event.py", line 1308, in _refresh
    self.hass.async_run_hass_job(self._job, event, updates)
  File "/usr/src/homeassistant/homeassistant/core.py", line 937, in async_run_hass_job
    hassjob.target(*args)
  File "/usr/src/homeassistant/homeassistant/components/template/template_entity.py", line 436, in _handle_results
    self.async_write_ha_state()
  File "/usr/src/homeassistant/homeassistant/helpers/entity.py", line 1005, in async_write_ha_state
    self._async_write_ha_state()
  File "/usr/src/homeassistant/homeassistant/helpers/entity.py", line 1130, in _async_write_ha_state
    self.__async_calculate_state()
  File "/usr/src/homeassistant/homeassistant/helpers/entity.py", line 1067, in __async_calculate_state
    state = self._stringify_state(available)
            ^^^^^^^^^^^^^^^^^^^^^^^^^^^^^^^^
  File "/usr/src/homeassistant/homeassistant/helpers/entity.py", line 1011, in _stringify_state
    if (state := self.state) is None:
                 ^^^^^^^^^^
  File "/usr/src/homeassistant/homeassistant/components/sensor/__init__.py", line 664, in state
    raise ValueError(
ValueError: Sensor sensor.combined_temperature has device class 'None', state class 'None' unit '°C' and suggested precision 'None' thus indicating it has a numeric value; however, it has the non-numeric value: 'unknown' (<class 'str'>)
2024-10-07 21:46:23.780 ERROR (MainThread) [homeassistant.helpers.event] Error while processing template: Template<template=({% set lux = states('sensor.g1_canopy_g1_bh1750_illuminance') | float %} {{ lux * 0.051872 - 85.209312 | round(2) }}) renders=2>
Traceback (most recent call last):
  File "/usr/src/homeassistant/homeassistant/helpers/template.py", line 2273, in forgiving_float_filter
    return float(value)
           ^^^^^^^^^^^^
ValueError: could not convert string to float: 'unavailable'

During handling of the above exception, another exception occurred:

Traceback (most recent call last):
  File "/usr/src/homeassistant/homeassistant/helpers/template.py", line 619, in async_render
    render_result = _render_with_context(self.template, compiled, **kwargs)
                    ^^^^^^^^^^^^^^^^^^^^^^^^^^^^^^^^^^^^^^^^^^^^^^^^^^^^^^^
  File "/usr/src/homeassistant/homeassistant/helpers/template.py", line 2654, in _render_with_context
    return template.render(**kwargs)
           ^^^^^^^^^^^^^^^^^^^^^^^^^
  File "/usr/local/lib/python3.12/site-packages/jinja2/environment.py", line 1304, in render
    self.environment.handle_exception()
  File "/usr/local/lib/python3.12/site-packages/jinja2/environment.py", line 939, in handle_exception
    raise rewrite_traceback_stack(source=source)
  File "<template>", line 1, in top-level template code
  File "/usr/src/homeassistant/homeassistant/helpers/template.py", line 2276, in forgiving_float_filter
    raise_no_default("float", value)
  File "/usr/src/homeassistant/homeassistant/helpers/template.py", line 1887, in raise_no_default
    raise ValueError(
ValueError: Template error: float got invalid input 'unavailable' when rendering template '{% set lux = states('sensor.g1_canopy_g1_bh1750_illuminance') | float %} {{ lux * 0.051872 - 85.209312 | round(2) }}' but no default was specified

The above exception was the direct cause of the following exception:

Traceback (most recent call last):
  File "/usr/src/homeassistant/homeassistant/helpers/template.py", line 731, in async_render_to_info
    render_info._result = self.async_render(  # noqa: SLF001
                          ^^^^^^^^^^^^^^^^^^^^^^^^^^^^^^^^^^
  File "/usr/src/homeassistant/homeassistant/helpers/template.py", line 621, in async_render
    raise TemplateError(err) from err
homeassistant.exceptions.TemplateError: ValueError: Template error: float got invalid input 'unavailable' when rendering template '{% set lux = states('sensor.g1_canopy_g1_bh1750_illuminance') | float %} {{ lux * 0.051872 - 85.209312 | round(2) }}' but no default was specified
2024-10-07 21:46:23.794 ERROR (MainThread) [homeassistant.components.template.template_entity] TemplateError('ValueError: Template error: float got invalid input 'unavailable' when rendering template '{% set lux = states('sensor.g1_canopy_g1_bh1750_illuminance') | float %} {{ lux * 0.051872 - 85.209312 | round(2) }}' but no default was specified') while processing template 'Template<template=({% set lux = states('sensor.g1_canopy_g1_bh1750_illuminance') | float %} {{ lux * 0.051872 - 85.209312 | round(2) }}) renders=4>' for attribute '_attr_native_value' in entity 'sensor.ppfd'
2024-10-07 21:46:23.806 ERROR (MainThread) [homeassistant.helpers.event] Error while processing template: Template<template=({% set T = states('sensor.combined_temperature') | float %} {% set LT = states('sensor.combined_temperature') | float - 2 %} {% set ASVP = 610.78 * (2.71828 ** (T / (T + 237.3) * 17.2694)) %} {% set LSVP = 610.78 * (2.71828 ** (LT / (LT + 237.3) * 17.2694)) %} {% set LVPD_TARGET = states('input_number.vpd_target') | float %} {% set RH_TARGET = (LSVP - LVPD_TARGET * 1000) / ASVP * 100 %} {{ RH_TARGET | round(2)}}) renders=2>
Traceback (most recent call last):
  File "/usr/src/homeassistant/homeassistant/helpers/template.py", line 2273, in forgiving_float_filter
    return float(value)
           ^^^^^^^^^^^^
ValueError: could not convert string to float: 'unknown'

During handling of the above exception, another exception occurred:

Traceback (most recent call last):
  File "/usr/src/homeassistant/homeassistant/helpers/template.py", line 619, in async_render
    render_result = _render_with_context(self.template, compiled, **kwargs)
                    ^^^^^^^^^^^^^^^^^^^^^^^^^^^^^^^^^^^^^^^^^^^^^^^^^^^^^^^
  File "/usr/src/homeassistant/homeassistant/helpers/template.py", line 2654, in _render_with_context
    return template.render(**kwargs)
           ^^^^^^^^^^^^^^^^^^^^^^^^^
  File "/usr/local/lib/python3.12/site-packages/jinja2/environment.py", line 1304, in render
    self.environment.handle_exception()
  File "/usr/local/lib/python3.12/site-packages/jinja2/environment.py", line 939, in handle_exception
    raise rewrite_traceback_stack(source=source)
  File "<template>", line 1, in top-level template code
  File "/usr/src/homeassistant/homeassistant/helpers/template.py", line 2276, in forgiving_float_filter
    raise_no_default("float", value)
  File "/usr/src/homeassistant/homeassistant/helpers/template.py", line 1887, in raise_no_default
    raise ValueError(
ValueError: Template error: float got invalid input 'unknown' when rendering template '{% set T = states('sensor.combined_temperature') | float %} {% set LT = states('sensor.combined_temperature') | float - 2 %} {% set ASVP = 610.78 * (2.71828 ** (T / (T + 237.3) * 17.2694)) %} {% set LSVP = 610.78 * (2.71828 ** (LT / (LT + 237.3) * 17.2694)) %} {% set LVPD_TARGET = states('input_number.vpd_target') | float %} {% set RH_TARGET = (LSVP - LVPD_TARGET * 1000) / ASVP * 100 %} {{ RH_TARGET | round(2)}}' but no default was specified

The above exception was the direct cause of the following exception:

Traceback (most recent call last):
  File "/usr/src/homeassistant/homeassistant/helpers/template.py", line 731, in async_render_to_info
    render_info._result = self.async_render(  # noqa: SLF001
                          ^^^^^^^^^^^^^^^^^^^^^^^^^^^^^^^^^^
  File "/usr/src/homeassistant/homeassistant/helpers/template.py", line 621, in async_render
    raise TemplateError(err) from err
homeassistant.exceptions.TemplateError: ValueError: Template error: float got invalid input 'unknown' when rendering template '{% set T = states('sensor.combined_temperature') | float %} {% set LT = states('sensor.combined_temperature') | float - 2 %} {% set ASVP = 610.78 * (2.71828 ** (T / (T + 237.3) * 17.2694)) %} {% set LSVP = 610.78 * (2.71828 ** (LT / (LT + 237.3) * 17.2694)) %} {% set LVPD_TARGET = states('input_number.vpd_target') | float %} {% set RH_TARGET = (LSVP - LVPD_TARGET * 1000) / ASVP * 100 %} {{ RH_TARGET | round(2)}}' but no default was specified
2024-10-07 21:46:23.809 ERROR (MainThread) [homeassistant.components.template.template_entity] TemplateError('ValueError: Template error: float got invalid input 'unknown' when rendering template '{% set T = states('sensor.combined_temperature') | float %} {% set LT = states('sensor.combined_temperature') | float - 2 %} {% set ASVP = 610.78 * (2.71828 ** (T / (T + 237.3) * 17.2694)) %} {% set LSVP = 610.78 * (2.71828 ** (LT / (LT + 237.3) * 17.2694)) %} {% set LVPD_TARGET = states('input_number.vpd_target') | float %} {% set RH_TARGET = (LSVP - LVPD_TARGET * 1000) / ASVP * 100 %} {{ RH_TARGET | round(2)}}' but no default was specified') while processing template 'Template<template=({% set T = states('sensor.combined_temperature') | float %} {% set LT = states('sensor.combined_temperature') | float - 2 %} {% set ASVP = 610.78 * (2.71828 ** (T / (T + 237.3) * 17.2694)) %} {% set LSVP = 610.78 * (2.71828 ** (LT / (LT + 237.3) * 17.2694)) %} {% set LVPD_TARGET = states('input_number.vpd_target') | float %} {% set RH_TARGET = (LSVP - LVPD_TARGET * 1000) / ASVP * 100 %} {{ RH_TARGET | round(2)}}) renders=4>' for attribute '_attr_native_value' in entity 'sensor.rh_target'
2024-10-07 21:46:23.811 ERROR (MainThread) [homeassistant.helpers.event] Error while processing template: Template<template=({% set T = states('sensor.combined_temperature') | float %} {% set RH = states('sensor.combined_humidity') | float %} {% set a = 17.27 %} {% set b = 237.7 %} {% set alpha = ((a * T) / (b + T)) + (RH / 100) | log %} {% set dew_point = (b * alpha) / (a - alpha) %} {{ dew_point | round(1) }}) renders=2>
Traceback (most recent call last):
  File "/usr/src/homeassistant/homeassistant/helpers/template.py", line 2273, in forgiving_float_filter
    return float(value)
           ^^^^^^^^^^^^
ValueError: could not convert string to float: 'unknown'

During handling of the above exception, another exception occurred:

Traceback (most recent call last):
  File "/usr/src/homeassistant/homeassistant/helpers/template.py", line 619, in async_render
    render_result = _render_with_context(self.template, compiled, **kwargs)
                    ^^^^^^^^^^^^^^^^^^^^^^^^^^^^^^^^^^^^^^^^^^^^^^^^^^^^^^^
  File "/usr/src/homeassistant/homeassistant/helpers/template.py", line 2654, in _render_with_context
    return template.render(**kwargs)
           ^^^^^^^^^^^^^^^^^^^^^^^^^
  File "/usr/local/lib/python3.12/site-packages/jinja2/environment.py", line 1304, in render
    self.environment.handle_exception()
  File "/usr/local/lib/python3.12/site-packages/jinja2/environment.py", line 939, in handle_exception
    raise rewrite_traceback_stack(source=source)
  File "<template>", line 1, in top-level template code
  File "/usr/src/homeassistant/homeassistant/helpers/template.py", line 2276, in forgiving_float_filter
    raise_no_default("float", value)
  File "/usr/src/homeassistant/homeassistant/helpers/template.py", line 1887, in raise_no_default
    raise ValueError(
ValueError: Template error: float got invalid input 'unknown' when rendering template '{% set T = states('sensor.combined_temperature') | float %} {% set RH = states('sensor.combined_humidity') | float %} {% set a = 17.27 %} {% set b = 237.7 %} {% set alpha = ((a * T) / (b + T)) + (RH / 100) | log %} {% set dew_point = (b * alpha) / (a - alpha) %} {{ dew_point | round(1) }}' but no default was specified

The above exception was the direct cause of the following exception:

Traceback (most recent call last):
  File "/usr/src/homeassistant/homeassistant/helpers/template.py", line 731, in async_render_to_info
    render_info._result = self.async_render(  # noqa: SLF001
                          ^^^^^^^^^^^^^^^^^^^^^^^^^^^^^^^^^^
  File "/usr/src/homeassistant/homeassistant/helpers/template.py", line 621, in async_render
    raise TemplateError(err) from err
homeassistant.exceptions.TemplateError: ValueError: Template error: float got invalid input 'unknown' when rendering template '{% set T = states('sensor.combined_temperature') | float %} {% set RH = states('sensor.combined_humidity') | float %} {% set a = 17.27 %} {% set b = 237.7 %} {% set alpha = ((a * T) / (b + T)) + (RH / 100) | log %} {% set dew_point = (b * alpha) / (a - alpha) %} {{ dew_point | round(1) }}' but no default was specified
2024-10-07 21:46:23.817 ERROR (MainThread) [homeassistant.components.template.template_entity] TemplateError('ValueError: Template error: float got invalid input 'unknown' when rendering template '{% set T = states('sensor.combined_temperature') | float %} {% set RH = states('sensor.combined_humidity') | float %} {% set a = 17.27 %} {% set b = 237.7 %} {% set alpha = ((a * T) / (b + T)) + (RH / 100) | log %} {% set dew_point = (b * alpha) / (a - alpha) %} {{ dew_point | round(1) }}' but no default was specified') while processing template 'Template<template=({% set T = states('sensor.combined_temperature') | float %} {% set RH = states('sensor.combined_humidity') | float %} {% set a = 17.27 %} {% set b = 237.7 %} {% set alpha = ((a * T) / (b + T)) + (RH / 100) | log %} {% set dew_point = (b * alpha) / (a - alpha) %} {{ dew_point | round(1) }}) renders=4>' for attribute '_attr_native_value' in entity 'sensor.dew_point'
2024-10-07 21:46:23.819 ERROR (MainThread) [homeassistant.helpers.event] Error while processing template: Template<template=({% set lux = states('sensor.g1_canopy_g1_bh1750_illuminance') | float %} {% if lux < 100 %}
  0
{% else %}
  1
{% endif %}) renders=2>
Traceback (most recent call last):
  File "/usr/src/homeassistant/homeassistant/helpers/template.py", line 2273, in forgiving_float_filter
    return float(value)
           ^^^^^^^^^^^^
ValueError: could not convert string to float: 'unavailable'

During handling of the above exception, another exception occurred:

Traceback (most recent call last):
  File "/usr/src/homeassistant/homeassistant/helpers/template.py", line 619, in async_render
    render_result = _render_with_context(self.template, compiled, **kwargs)
                    ^^^^^^^^^^^^^^^^^^^^^^^^^^^^^^^^^^^^^^^^^^^^^^^^^^^^^^^
  File "/usr/src/homeassistant/homeassistant/helpers/template.py", line 2654, in _render_with_context
    return template.render(**kwargs)
           ^^^^^^^^^^^^^^^^^^^^^^^^^
  File "/usr/local/lib/python3.12/site-packages/jinja2/environment.py", line 1304, in render
    self.environment.handle_exception()
  File "/usr/local/lib/python3.12/site-packages/jinja2/environment.py", line 939, in handle_exception
    raise rewrite_traceback_stack(source=source)
  File "<template>", line 1, in top-level template code
  File "/usr/src/homeassistant/homeassistant/helpers/template.py", line 2276, in forgiving_float_filter
    raise_no_default("float", value)
  File "/usr/src/homeassistant/homeassistant/helpers/template.py", line 1887, in raise_no_default
    raise ValueError(
ValueError: Template error: float got invalid input 'unavailable' when rendering template '{% set lux = states('sensor.g1_canopy_g1_bh1750_illuminance') | float %} {% if lux < 100 %}
  0
{% else %}
  1
{% endif %}' but no default was specified

The above exception was the direct cause of the following exception:

Traceback (most recent call last):
  File "/usr/src/homeassistant/homeassistant/helpers/template.py", line 731, in async_render_to_info
    render_info._result = self.async_render(  # noqa: SLF001
                          ^^^^^^^^^^^^^^^^^^^^^^^^^^^^^^^^^^
  File "/usr/src/homeassistant/homeassistant/helpers/template.py", line 621, in async_render
    raise TemplateError(err) from err
homeassistant.exceptions.TemplateError: ValueError: Template error: float got invalid input 'unavailable' when rendering template '{% set lux = states('sensor.g1_canopy_g1_bh1750_illuminance') | float %} {% if lux < 100 %}
  0
{% else %}
  1
{% endif %}' but no default was specified
2024-10-07 21:46:23.824 ERROR (MainThread) [homeassistant.components.template.template_entity] TemplateError('ValueError: Template error: float got invalid input 'unavailable' when rendering template '{% set lux = states('sensor.g1_canopy_g1_bh1750_illuminance') | float %} {% if lux < 100 %}
  0
{% else %}
  1
{% endif %}' but no default was specified') while processing template 'Template<template=({% set lux = states('sensor.g1_canopy_g1_bh1750_illuminance') | float %} {% if lux < 100 %}
  0
{% else %}
  1
{% endif %}) renders=4>' for attribute '_attr_native_value' in entity 'sensor.dayphase'
2024-10-07 21:46:24.493 INFO (MainThread) [homeassistant.components.automation.light_height_automation] Initialized trigger Light Height Automation
2024-10-07 21:46:24.494 INFO (MainThread) [homeassistant.components.automation.timelapse] Initialized trigger Timelapse
2024-10-07 21:46:24.495 INFO (MainThread) [homeassistant.components.automation.vpd_control_automation] Initialized trigger VPD Control Automation
2024-10-07 21:46:24.496 INFO (MainThread) [homeassistant.components.automation.water_circulation] Initialized trigger Water Circulation
2024-10-07 21:46:24.497 INFO (MainThread) [homeassistant.components.automation.light_intensity_control] Initialized trigger Light Intensity Control
2024-10-07 21:46:26.712 WARNING (MainThread) [aioesphomeapi.reconnect_logic] Can't connect to ESPHome API for g1-brain @ 192.168.1.137: Error connecting to [AddrInfo(family=<AddressFamily.AF_INET: 2>, type=<SocketKind.SOCK_STREAM: 1>, proto=6, sockaddr=IPv4Sockaddr(address='192.168.1.137', port=6053))]: [Errno 113] Connect call failed ('192.168.1.137', 6053) (SocketAPIError)
2024-10-07 21:47:00.128 DEBUG (MainThread) [homeassistant.components.automation.vpd_control_automation] Automation trigger 'None' triggered by time pattern
2024-10-07 21:47:00.132 INFO (MainThread) [homeassistant.components.automation.vpd_control_automation] VPD Control Automation: Running automation actions
2024-10-07 21:47:00.133 INFO (MainThread) [homeassistant.components.automation.vpd_control_automation] VPD Control Automation: Executing step setting variables
2024-10-07 21:47:00.150 INFO (MainThread) [homeassistant.components.automation.vpd_control_automation] VPD Control Automation: Executing step call service
2024-10-07 21:47:00.153 INFO (MainThread) [homeassistant.components.automation.vpd_control_automation] VPD Control Automation: Executing step call service
2024-10-07 21:47:00.155 INFO (MainThread) [homeassistant.components.automation.vpd_control_automation] VPD Control Automation: Executing step call service
2024-10-07 21:47:00.156 WARNING (MainThread) [homeassistant.helpers.service] Referenced entities input_number.previous_d_canopy_target are missing or not currently available
2024-10-07 21:47:00.156 INFO (MainThread) [homeassistant.components.automation.vpd_control_automation] VPD Control Automation: Executing step call service
2024-10-07 21:47:00.157 WARNING (MainThread) [homeassistant.helpers.service] Referenced entities input_number.integral_intake are missing or not currently available
2024-10-07 21:47:00.157 INFO (MainThread) [homeassistant.components.automation.vpd_control_automation] VPD Control Automation: Executing step call service
2024-10-07 21:47:00.159 WARNING (MainThread) [homeassistant.helpers.service] Referenced entities input_number.integral_exhaust are missing or not currently available
2024-10-07 21:47:00.161 INFO (MainThread) [homeassistant.components.automation.vpd_control_automation] VPD Control Automation: Choose at step 7: choice 1: Running automation actions
2024-10-07 21:47:00.164 INFO (MainThread) [homeassistant.components.automation.vpd_control_automation] VPD Control Automation: Choose at step 7: choice 1: Choose at step 1: choice 2: Running automation actions
2024-10-07 21:47:00.164 INFO (MainThread) [homeassistant.components.automation.vpd_control_automation] VPD Control Automation: Choose at step 7: choice 1: Choose at step 1: choice 2: Executing step call service
2024-10-07 21:47:00.224 DEBUG (MainThread) [homeassistant.components.automation.water_circulation] Automation trigger 'None' triggered by time pattern
2024-10-07 21:47:00.228 DEBUG (MainThread) [homeassistant.components.automation.water_circulation] Conditions not met, aborting automation. Condition summary: {'trigger/0': deque([{'path': 'trigger/0', 'timestamp': datetime.datetime(2024, 10, 7, 19, 47, 0, 225441, tzinfo=datetime.timezone.utc), 'changed_variables': {'this': {'entity_id': 'automation.water_circulation', 'state': 'on', 'attributes': {'id': 'automations_water_circulation', 'last_triggered': None, 'mode': 'single', 'current': 0, 'friendly_name': 'Water Circulation'}, 'last_changed': '2024-10-07T19:46:23.607126+00:00', 'last_reported': '2024-10-07T19:46:23.607126+00:00', 'last_updated': '2024-10-07T19:46:23.607126+00:00', 'context': {'id': '01J9M89G7Q1D75FFMD9PGMNER0', 'parent_id': None, 'user_id': None}}, 'trigger': {'id': '0', 'idx': '0', 'alias': None, 'platform': 'time_pattern', 'now': datetime.datetime(2024, 10, 7, 21, 47, 0, 223969, tzinfo=zoneinfo.ZoneInfo(key='Europe/Berlin')), 'description': 'time pattern'}}}]), 'condition/0': deque([{'path': 'condition/0', 'timestamp': datetime.datetime(2024, 10, 7, 19, 47, 0, 225578, tzinfo=datetime.timezone.utc), 'result': {'result': False, 'entities': ['input_number.water_circulation_period']}}])}
2024-10-07 21:47:00.433 DEBUG (MainThread) [homeassistant.components.automation.timelapse] Automation trigger 'None' triggered by time pattern
2024-10-07 21:47:00.435 DEBUG (MainThread) [homeassistant.components.automation.timelapse] Conditions not met, aborting automation. Condition summary: {'trigger/0': deque([{'path': 'trigger/0', 'timestamp': datetime.datetime(2024, 10, 7, 19, 47, 0, 434613, tzinfo=datetime.timezone.utc), 'changed_variables': {'this': {'entity_id': 'automation.timelapse', 'state': 'on', 'attributes': {'id': 'automations_timelapse', 'last_triggered': datetime.datetime(2024, 10, 7, 18, 0, 0, 488274, tzinfo=datetime.timezone.utc), 'mode': 'single', 'current': 0, 'friendly_name': 'Timelapse'}, 'last_changed': '2024-10-07T19:46:23.605575+00:00', 'last_reported': '2024-10-07T19:46:23.605575+00:00', 'last_updated': '2024-10-07T19:46:23.605575+00:00', 'context': {'id': '01J9M89G7NCXV8P961E8W3JCZC', 'parent_id': None, 'user_id': None}}, 'trigger': {'id': '0', 'idx': '0', 'alias': None, 'platform': 'time_pattern', 'now': datetime.datetime(2024, 10, 7, 21, 47, 0, 433141, tzinfo=zoneinfo.ZoneInfo(key='Europe/Berlin')), 'description': 'time pattern'}}}]), 'condition/0': deque([{'path': 'condition/0', 'timestamp': datetime.datetime(2024, 10, 7, 19, 47, 0, 434745, tzinfo=datetime.timezone.utc), 'result': {'result': False, 'entities': ['input_number.timelapse_period']}}])}
2024-10-07 21:48:00.127 DEBUG (MainThread) [homeassistant.components.automation.vpd_control_automation] Automation trigger 'None' triggered by time pattern
2024-10-07 21:48:00.131 INFO (MainThread) [homeassistant.components.automation.vpd_control_automation] VPD Control Automation: Running automation actions
2024-10-07 21:48:00.132 INFO (MainThread) [homeassistant.components.automation.vpd_control_automation] VPD Control Automation: Executing step setting variables
2024-10-07 21:48:00.144 INFO (MainThread) [homeassistant.components.automation.vpd_control_automation] VPD Control Automation: Executing step call service
2024-10-07 21:48:00.146 INFO (MainThread) [homeassistant.components.automation.vpd_control_automation] VPD Control Automation: Executing step call service
2024-10-07 21:48:00.149 INFO (MainThread) [homeassistant.components.automation.vpd_control_automation] VPD Control Automation: Executing step call service
2024-10-07 21:48:00.150 WARNING (MainThread) [homeassistant.helpers.service] Referenced entities input_number.previous_d_canopy_target are missing or not currently available
2024-10-07 21:48:00.150 INFO (MainThread) [homeassistant.components.automation.vpd_control_automation] VPD Control Automation: Executing step call service
2024-10-07 21:48:00.151 WARNING (MainThread) [homeassistant.helpers.service] Referenced entities input_number.integral_intake are missing or not currently available
2024-10-07 21:48:00.151 INFO (MainThread) [homeassistant.components.automation.vpd_control_automation] VPD Control Automation: Executing step call service
2024-10-07 21:48:00.155 WARNING (MainThread) [homeassistant.helpers.service] Referenced entities input_number.integral_exhaust are missing or not currently available
2024-10-07 21:48:00.156 INFO (MainThread) [homeassistant.components.automation.vpd_control_automation] VPD Control Automation: Choose at step 7: choice 1: Running automation actions
2024-10-07 21:48:00.157 INFO (MainThread) [homeassistant.components.automation.vpd_control_automation] VPD Control Automation: Choose at step 7: choice 1: Choose at step 1: choice 2: Running automation actions
2024-10-07 21:48:00.158 INFO (MainThread) [homeassistant.components.automation.vpd_control_automation] VPD Control Automation: Choose at step 7: choice 1: Choose at step 1: choice 2: Executing step call service
2024-10-07 21:48:00.225 DEBUG (MainThread) [homeassistant.components.automation.water_circulation] Automation trigger 'None' triggered by time pattern
2024-10-07 21:48:00.226 DEBUG (MainThread) [homeassistant.components.automation.water_circulation] Conditions not met, aborting automation. Condition summary: {'trigger/0': deque([{'path': 'trigger/0', 'timestamp': datetime.datetime(2024, 10, 7, 19, 48, 0, 225638, tzinfo=datetime.timezone.utc), 'changed_variables': {'this': {'entity_id': 'automation.water_circulation', 'state': 'on', 'attributes': {'id': 'automations_water_circulation', 'last_triggered': None, 'mode': 'single', 'current': 0, 'friendly_name': 'Water Circulation'}, 'last_changed': '2024-10-07T19:46:23.607126+00:00', 'last_reported': '2024-10-07T19:46:23.607126+00:00', 'last_updated': '2024-10-07T19:46:23.607126+00:00', 'context': {'id': '01J9M89G7Q1D75FFMD9PGMNER0', 'parent_id': None, 'user_id': None}}, 'trigger': {'id': '0', 'idx': '0', 'alias': None, 'platform': 'time_pattern', 'now': datetime.datetime(2024, 10, 7, 21, 48, 0, 224372, tzinfo=zoneinfo.ZoneInfo(key='Europe/Berlin')), 'description': 'time pattern'}}}]), 'condition/0': deque([{'path': 'condition/0', 'timestamp': datetime.datetime(2024, 10, 7, 19, 48, 0, 225767, tzinfo=datetime.timezone.utc), 'result': {'result': False, 'entities': ['input_number.water_circulation_period']}}])}
2024-10-07 21:48:00.414 DEBUG (MainThread) [homeassistant.components.automation.light_intensity_control] Automation trigger 'None' triggered by time pattern
2024-10-07 21:48:00.418 INFO (MainThread) [homeassistant.components.automation.light_intensity_control] Light Intensity Control: Running automation actions
2024-10-07 21:48:00.418 INFO (MainThread) [homeassistant.components.automation.light_intensity_control] Light Intensity Control: Executing step setting variables
2024-10-07 21:48:00.429 INFO (MainThread) [homeassistant.components.automation.light_intensity_control] Light Intensity Control: Executing step call service
2024-10-07 21:48:00.431 INFO (MainThread) [homeassistant.components.automation.light_intensity_control] Light Intensity Control: Executing step call service
2024-10-07 21:48:00.434 INFO (MainThread) [homeassistant.components.automation.light_intensity_control] Light Intensity Control: Executing step call service
2024-10-07 21:48:00.436 INFO (MainThread) [homeassistant.components.automation.light_intensity_control] Light Intensity Control: Executing step call service
2024-10-07 21:48:00.439 DEBUG (MainThread) [homeassistant.components.automation.timelapse] Automation trigger 'None' triggered by time pattern
2024-10-07 21:48:00.440 DEBUG (MainThread) [homeassistant.components.automation.timelapse] Conditions not met, aborting automation. Condition summary: {'trigger/0': deque([{'path': 'trigger/0', 'timestamp': datetime.datetime(2024, 10, 7, 19, 48, 0, 439724, tzinfo=datetime.timezone.utc), 'changed_variables': {'this': {'entity_id': 'automation.timelapse', 'state': 'on', 'attributes': {'id': 'automations_timelapse', 'last_triggered': datetime.datetime(2024, 10, 7, 18, 0, 0, 488274, tzinfo=datetime.timezone.utc), 'mode': 'single', 'current': 0, 'friendly_name': 'Timelapse'}, 'last_changed': '2024-10-07T19:46:23.605575+00:00', 'last_reported': '2024-10-07T19:46:23.605575+00:00', 'last_updated': '2024-10-07T19:46:23.605575+00:00', 'context': {'id': '01J9M89G7NCXV8P961E8W3JCZC', 'parent_id': None, 'user_id': None}}, 'trigger': {'id': '0', 'idx': '0', 'alias': None, 'platform': 'time_pattern', 'now': datetime.datetime(2024, 10, 7, 21, 48, 0, 439238, tzinfo=zoneinfo.ZoneInfo(key='Europe/Berlin')), 'description': 'time pattern'}}}]), 'condition/0': deque([{'path': 'condition/0', 'timestamp': datetime.datetime(2024, 10, 7, 19, 48, 0, 439777, tzinfo=datetime.timezone.utc), 'result': {'result': False, 'entities': ['input_number.timelapse_period']}}])}
2024-10-07 21:49:00.127 DEBUG (MainThread) [homeassistant.components.automation.vpd_control_automation] Automation trigger 'None' triggered by time pattern
2024-10-07 21:49:00.129 INFO (MainThread) [homeassistant.components.automation.vpd_control_automation] VPD Control Automation: Running automation actions
2024-10-07 21:49:00.130 INFO (MainThread) [homeassistant.components.automation.vpd_control_automation] VPD Control Automation: Executing step setting variables
2024-10-07 21:49:00.142 INFO (MainThread) [homeassistant.components.automation.vpd_control_automation] VPD Control Automation: Executing step call service
2024-10-07 21:49:00.147 INFO (MainThread) [homeassistant.components.automation.vpd_control_automation] VPD Control Automation: Executing step call service
2024-10-07 21:49:00.149 INFO (MainThread) [homeassistant.components.automation.vpd_control_automation] VPD Control Automation: Executing step call service
2024-10-07 21:49:00.150 WARNING (MainThread) [homeassistant.helpers.service] Referenced entities input_number.previous_d_canopy_target are missing or not currently available
2024-10-07 21:49:00.150 INFO (MainThread) [homeassistant.components.automation.vpd_control_automation] VPD Control Automation: Executing step call service
2024-10-07 21:49:00.151 WARNING (MainThread) [homeassistant.helpers.service] Referenced entities input_number.integral_intake are missing or not currently available
2024-10-07 21:49:00.151 INFO (MainThread) [homeassistant.components.automation.vpd_control_automation] VPD Control Automation: Executing step call service
2024-10-07 21:49:00.152 WARNING (MainThread) [homeassistant.helpers.service] Referenced entities input_number.integral_exhaust are missing or not currently available
2024-10-07 21:49:00.154 INFO (MainThread) [homeassistant.components.automation.vpd_control_automation] VPD Control Automation: Choose at step 7: choice 1: Running automation actions
2024-10-07 21:49:00.155 INFO (MainThread) [homeassistant.components.automation.vpd_control_automation] VPD Control Automation: Choose at step 7: choice 1: Choose at step 1: choice 1: Running automation actions
2024-10-07 21:49:00.155 INFO (MainThread) [homeassistant.components.automation.vpd_control_automation] VPD Control Automation: Choose at step 7: choice 1: Choose at step 1: choice 1: Executing step call service
2024-10-07 21:49:00.161 INFO (MainThread) [homeassistant.components.automation.vpd_control_automation] VPD Control Automation: Choose at step 7: choice 1: Choose at step 2: choice 2: Running automation actions
2024-10-07 21:49:00.161 INFO (MainThread) [homeassistant.components.automation.vpd_control_automation] VPD Control Automation: Choose at step 7: choice 1: Choose at step 2: choice 2: Executing step call service
2024-10-07 21:49:00.164 INFO (MainThread) [homeassistant.components.automation.vpd_control_automation] VPD Control Automation: Choose at step 7: choice 1: Choose at step 2: choice 2: Executing step call service
2024-10-07 21:49:00.168 INFO (MainThread) [homeassistant.components.automation.vpd_control_automation] VPD Control Automation: Choose at step 7: choice 1: Choose at step 2: choice 2: Executing step call service
2024-10-07 21:49:00.224 DEBUG (MainThread) [homeassistant.components.automation.water_circulation] Automation trigger 'None' triggered by time pattern
2024-10-07 21:49:00.226 DEBUG (MainThread) [homeassistant.components.automation.water_circulation] Conditions not met, aborting automation. Condition summary: {'trigger/0': deque([{'path': 'trigger/0', 'timestamp': datetime.datetime(2024, 10, 7, 19, 49, 0, 225485, tzinfo=datetime.timezone.utc), 'changed_variables': {'this': {'entity_id': 'automation.water_circulation', 'state': 'on', 'attributes': {'id': 'automations_water_circulation', 'last_triggered': None, 'mode': 'single', 'current': 0, 'friendly_name': 'Water Circulation'}, 'last_changed': '2024-10-07T19:46:23.607126+00:00', 'last_reported': '2024-10-07T19:46:23.607126+00:00', 'last_updated': '2024-10-07T19:46:23.607126+00:00', 'context': {'id': '01J9M89G7Q1D75FFMD9PGMNER0', 'parent_id': None, 'user_id': None}}, 'trigger': {'id': '0', 'idx': '0', 'alias': None, 'platform': 'time_pattern', 'now': datetime.datetime(2024, 10, 7, 21, 49, 0, 224284, tzinfo=zoneinfo.ZoneInfo(key='Europe/Berlin')), 'description': 'time pattern'}}}]), 'condition/0': deque([{'path': 'condition/0', 'timestamp': datetime.datetime(2024, 10, 7, 19, 49, 0, 225612, tzinfo=datetime.timezone.utc), 'result': {'result': False, 'entities': ['input_number.water_circulation_period']}}])}
2024-10-07 21:49:00.434 DEBUG (MainThread) [homeassistant.components.automation.timelapse] Automation trigger 'None' triggered by time pattern
2024-10-07 21:49:00.435 DEBUG (MainThread) [homeassistant.components.automation.timelapse] Conditions not met, aborting automation. Condition summary: {'trigger/0': deque([{'path': 'trigger/0', 'timestamp': datetime.datetime(2024, 10, 7, 19, 49, 0, 434709, tzinfo=datetime.timezone.utc), 'changed_variables': {'this': {'entity_id': 'automation.timelapse', 'state': 'on', 'attributes': {'id': 'automations_timelapse', 'last_triggered': datetime.datetime(2024, 10, 7, 18, 0, 0, 488274, tzinfo=datetime.timezone.utc), 'mode': 'single', 'current': 0, 'friendly_name': 'Timelapse'}, 'last_changed': '2024-10-07T19:46:23.605575+00:00', 'last_reported': '2024-10-07T19:46:23.605575+00:00', 'last_updated': '2024-10-07T19:46:23.605575+00:00', 'context': {'id': '01J9M89G7NCXV8P961E8W3JCZC', 'parent_id': None, 'user_id': None}}, 'trigger': {'id': '0', 'idx': '0', 'alias': None, 'platform': 'time_pattern', 'now': datetime.datetime(2024, 10, 7, 21, 49, 0, 433447, tzinfo=zoneinfo.ZoneInfo(key='Europe/Berlin')), 'description': 'time pattern'}}}]), 'condition/0': deque([{'path': 'condition/0', 'timestamp': datetime.datetime(2024, 10, 7, 19, 49, 0, 434840, tzinfo=datetime.timezone.utc), 'result': {'result': False, 'entities': ['input_number.timelapse_period']}}])}
2024-10-07 21:50:00.127 DEBUG (MainThread) [homeassistant.components.automation.vpd_control_automation] Automation trigger 'None' triggered by time pattern
2024-10-07 21:50:00.129 INFO (MainThread) [homeassistant.components.automation.vpd_control_automation] VPD Control Automation: Running automation actions
2024-10-07 21:50:00.130 INFO (MainThread) [homeassistant.components.automation.vpd_control_automation] VPD Control Automation: Executing step setting variables
2024-10-07 21:50:00.137 INFO (MainThread) [homeassistant.components.automation.vpd_control_automation] VPD Control Automation: Executing step call service
2024-10-07 21:50:00.140 INFO (MainThread) [homeassistant.components.automation.vpd_control_automation] VPD Control Automation: Executing step call service
2024-10-07 21:50:00.144 INFO (MainThread) [homeassistant.components.automation.vpd_control_automation] VPD Control Automation: Executing step call service
2024-10-07 21:50:00.146 WARNING (MainThread) [homeassistant.helpers.service] Referenced entities input_number.previous_d_canopy_target are missing or not currently available
2024-10-07 21:50:00.147 INFO (MainThread) [homeassistant.components.automation.vpd_control_automation] VPD Control Automation: Executing step call service
2024-10-07 21:50:00.148 WARNING (MainThread) [homeassistant.helpers.service] Referenced entities input_number.integral_intake are missing or not currently available
2024-10-07 21:50:00.148 INFO (MainThread) [homeassistant.components.automation.vpd_control_automation] VPD Control Automation: Executing step call service
2024-10-07 21:50:00.148 WARNING (MainThread) [homeassistant.helpers.service] Referenced entities input_number.integral_exhaust are missing or not currently available
2024-10-07 21:50:00.149 INFO (MainThread) [homeassistant.components.automation.vpd_control_automation] VPD Control Automation: Choose at step 7: choice 1: Running automation actions
2024-10-07 21:50:00.150 INFO (MainThread) [homeassistant.components.automation.vpd_control_automation] VPD Control Automation: Choose at step 7: choice 1: Choose at step 1: choice 1: Running automation actions
2024-10-07 21:50:00.151 INFO (MainThread) [homeassistant.components.automation.vpd_control_automation] VPD Control Automation: Choose at step 7: choice 1: Choose at step 1: choice 1: Executing step call service
2024-10-07 21:50:00.157 INFO (MainThread) [homeassistant.components.automation.vpd_control_automation] VPD Control Automation: Choose at step 7: choice 1: Choose at step 2: choice 2: Running automation actions
2024-10-07 21:50:00.157 INFO (MainThread) [homeassistant.components.automation.vpd_control_automation] VPD Control Automation: Choose at step 7: choice 1: Choose at step 2: choice 2: Executing step call service
2024-10-07 21:50:00.159 INFO (MainThread) [homeassistant.components.automation.vpd_control_automation] VPD Control Automation: Choose at step 7: choice 1: Choose at step 2: choice 2: Executing step call service
2024-10-07 21:50:00.169 INFO (MainThread) [homeassistant.components.automation.vpd_control_automation] VPD Control Automation: Choose at step 7: choice 1: Choose at step 2: choice 2: Executing step call service
2024-10-07 21:50:00.226 DEBUG (MainThread) [homeassistant.components.automation.water_circulation] Automation trigger 'None' triggered by time pattern
2024-10-07 21:50:00.227 DEBUG (MainThread) [homeassistant.components.automation.water_circulation] Conditions not met, aborting automation. Condition summary: {'trigger/0': deque([{'path': 'trigger/0', 'timestamp': datetime.datetime(2024, 10, 7, 19, 50, 0, 226604, tzinfo=datetime.timezone.utc), 'changed_variables': {'this': {'entity_id': 'automation.water_circulation', 'state': 'on', 'attributes': {'id': 'automations_water_circulation', 'last_triggered': None, 'mode': 'single', 'current': 0, 'friendly_name': 'Water Circulation'}, 'last_changed': '2024-10-07T19:46:23.607126+00:00', 'last_reported': '2024-10-07T19:46:23.607126+00:00', 'last_updated': '2024-10-07T19:46:23.607126+00:00', 'context': {'id': '01J9M89G7Q1D75FFMD9PGMNER0', 'parent_id': None, 'user_id': None}}, 'trigger': {'id': '0', 'idx': '0', 'alias': None, 'platform': 'time_pattern', 'now': datetime.datetime(2024, 10, 7, 21, 50, 0, 225603, tzinfo=zoneinfo.ZoneInfo(key='Europe/Berlin')), 'description': 'time pattern'}}}]), 'condition/0': deque([{'path': 'condition/0', 'timestamp': datetime.datetime(2024, 10, 7, 19, 50, 0, 226707, tzinfo=datetime.timezone.utc), 'result': {'result': False, 'entities': ['input_number.water_circulation_period']}}])}
2024-10-07 21:50:00.415 DEBUG (MainThread) [homeassistant.components.automation.light_intensity_control] Automation trigger 'None' triggered by time pattern
2024-10-07 21:50:00.418 INFO (MainThread) [homeassistant.components.automation.light_intensity_control] Light Intensity Control: Running automation actions
2024-10-07 21:50:00.418 INFO (MainThread) [homeassistant.components.automation.light_intensity_control] Light Intensity Control: Executing step setting variables
2024-10-07 21:50:00.425 INFO (MainThread) [homeassistant.components.automation.light_intensity_control] Light Intensity Control: Executing step call service
2024-10-07 21:50:00.432 INFO (MainThread) [homeassistant.components.automation.light_intensity_control] Light Intensity Control: Executing step call service
2024-10-07 21:50:00.435 INFO (MainThread) [homeassistant.components.automation.light_intensity_control] Light Intensity Control: Executing step call service
2024-10-07 21:50:00.437 INFO (MainThread) [homeassistant.components.automation.light_intensity_control] Light Intensity Control: Executing step call service
2024-10-07 21:50:00.440 DEBUG (MainThread) [homeassistant.components.automation.timelapse] Automation trigger 'None' triggered by time pattern
2024-10-07 21:50:00.443 DEBUG (MainThread) [homeassistant.components.automation.timelapse] Conditions not met, aborting automation. Condition summary: {'trigger/0': deque([{'path': 'trigger/0', 'timestamp': datetime.datetime(2024, 10, 7, 19, 50, 0, 442528, tzinfo=datetime.timezone.utc), 'changed_variables': {'this': {'entity_id': 'automation.timelapse', 'state': 'on', 'attributes': {'id': 'automations_timelapse', 'last_triggered': datetime.datetime(2024, 10, 7, 18, 0, 0, 488274, tzinfo=datetime.timezone.utc), 'mode': 'single', 'current': 0, 'friendly_name': 'Timelapse'}, 'last_changed': '2024-10-07T19:46:23.605575+00:00', 'last_reported': '2024-10-07T19:46:23.605575+00:00', 'last_updated': '2024-10-07T19:46:23.605575+00:00', 'context': {'id': '01J9M89G7NCXV8P961E8W3JCZC', 'parent_id': None, 'user_id': None}}, 'trigger': {'id': '0', 'idx': '0', 'alias': None, 'platform': 'time_pattern', 'now': datetime.datetime(2024, 10, 7, 21, 50, 0, 439690, tzinfo=zoneinfo.ZoneInfo(key='Europe/Berlin')), 'description': 'time pattern'}}}]), 'condition/0': deque([{'path': 'condition/0', 'timestamp': datetime.datetime(2024, 10, 7, 19, 50, 0, 442605, tzinfo=datetime.timezone.utc), 'result': {'result': False, 'entities': ['input_number.timelapse_period']}}])}
2024-10-07 21:51:00.128 DEBUG (MainThread) [homeassistant.components.automation.vpd_control_automation] Automation trigger 'None' triggered by time pattern
2024-10-07 21:51:00.131 INFO (MainThread) [homeassistant.components.automation.vpd_control_automation] VPD Control Automation: Running automation actions
2024-10-07 21:51:00.131 INFO (MainThread) [homeassistant.components.automation.vpd_control_automation] VPD Control Automation: Executing step setting variables
2024-10-07 21:51:00.140 INFO (MainThread) [homeassistant.components.automation.vpd_control_automation] VPD Control Automation: Executing step call service
2024-10-07 21:51:00.142 INFO (MainThread) [homeassistant.components.automation.vpd_control_automation] VPD Control Automation: Executing step call service
2024-10-07 21:51:00.143 INFO (MainThread) [homeassistant.components.automation.vpd_control_automation] VPD Control Automation: Executing step call service
2024-10-07 21:51:00.144 WARNING (MainThread) [homeassistant.helpers.service] Referenced entities input_number.previous_d_canopy_target are missing or not currently available
2024-10-07 21:51:00.145 INFO (MainThread) [homeassistant.components.automation.vpd_control_automation] VPD Control Automation: Executing step call service
2024-10-07 21:51:00.145 WARNING (MainThread) [homeassistant.helpers.service] Referenced entities input_number.integral_intake are missing or not currently available
2024-10-07 21:51:00.148 INFO (MainThread) [homeassistant.components.automation.vpd_control_automation] VPD Control Automation: Executing step call service
2024-10-07 21:51:00.149 WARNING (MainThread) [homeassistant.helpers.service] Referenced entities input_number.integral_exhaust are missing or not currently available
2024-10-07 21:51:00.152 INFO (MainThread) [homeassistant.components.automation.vpd_control_automation] VPD Control Automation: Choose at step 7: choice 1: Running automation actions
2024-10-07 21:51:00.153 INFO (MainThread) [homeassistant.components.automation.vpd_control_automation] VPD Control Automation: Choose at step 7: choice 1: Choose at step 1: choice 2: Running automation actions
2024-10-07 21:51:00.153 INFO (MainThread) [homeassistant.components.automation.vpd_control_automation] VPD Control Automation: Choose at step 7: choice 1: Choose at step 1: choice 2: Executing step call service
2024-10-07 21:51:00.225 DEBUG (MainThread) [homeassistant.components.automation.water_circulation] Automation trigger 'None' triggered by time pattern
2024-10-07 21:51:00.227 DEBUG (MainThread) [homeassistant.components.automation.water_circulation] Conditions not met, aborting automation. Condition summary: {'trigger/0': deque([{'path': 'trigger/0', 'timestamp': datetime.datetime(2024, 10, 7, 19, 51, 0, 226252, tzinfo=datetime.timezone.utc), 'changed_variables': {'this': {'entity_id': 'automation.water_circulation', 'state': 'on', 'attributes': {'id': 'automations_water_circulation', 'last_triggered': None, 'mode': 'single', 'current': 0, 'friendly_name': 'Water Circulation'}, 'last_changed': '2024-10-07T19:46:23.607126+00:00', 'last_reported': '2024-10-07T19:46:23.607126+00:00', 'last_updated': '2024-10-07T19:46:23.607126+00:00', 'context': {'id': '01J9M89G7Q1D75FFMD9PGMNER0', 'parent_id': None, 'user_id': None}}, 'trigger': {'id': '0', 'idx': '0', 'alias': None, 'platform': 'time_pattern', 'now': datetime.datetime(2024, 10, 7, 21, 51, 0, 224972, tzinfo=zoneinfo.ZoneInfo(key='Europe/Berlin')), 'description': 'time pattern'}}}]), 'condition/0': deque([{'path': 'condition/0', 'timestamp': datetime.datetime(2024, 10, 7, 19, 51, 0, 226387, tzinfo=datetime.timezone.utc), 'result': {'result': False, 'entities': ['input_number.water_circulation_period']}}])}
2024-10-07 21:51:00.433 DEBUG (MainThread) [homeassistant.components.automation.timelapse] Automation trigger 'None' triggered by time pattern
2024-10-07 21:51:00.435 DEBUG (MainThread) [homeassistant.components.automation.timelapse] Conditions not met, aborting automation. Condition summary: {'trigger/0': deque([{'path': 'trigger/0', 'timestamp': datetime.datetime(2024, 10, 7, 19, 51, 0, 434565, tzinfo=datetime.timezone.utc), 'changed_variables': {'this': {'entity_id': 'automation.timelapse', 'state': 'on', 'attributes': {'id': 'automations_timelapse', 'last_triggered': datetime.datetime(2024, 10, 7, 18, 0, 0, 488274, tzinfo=datetime.timezone.utc), 'mode': 'single', 'current': 0, 'friendly_name': 'Timelapse'}, 'last_changed': '2024-10-07T19:46:23.605575+00:00', 'last_reported': '2024-10-07T19:46:23.605575+00:00', 'last_updated': '2024-10-07T19:46:23.605575+00:00', 'context': {'id': '01J9M89G7NCXV8P961E8W3JCZC', 'parent_id': None, 'user_id': None}}, 'trigger': {'id': '0', 'idx': '0', 'alias': None, 'platform': 'time_pattern', 'now': datetime.datetime(2024, 10, 7, 21, 51, 0, 433286, tzinfo=zoneinfo.ZoneInfo(key='Europe/Berlin')), 'description': 'time pattern'}}}]), 'condition/0': deque([{'path': 'condition/0', 'timestamp': datetime.datetime(2024, 10, 7, 19, 51, 0, 434697, tzinfo=datetime.timezone.utc), 'result': {'result': False, 'entities': ['input_number.timelapse_period']}}])}
2024-10-07 21:52:00.127 DEBUG (MainThread) [homeassistant.components.automation.vpd_control_automation] Automation trigger 'None' triggered by time pattern
2024-10-07 21:52:00.131 INFO (MainThread) [homeassistant.components.automation.vpd_control_automation] VPD Control Automation: Running automation actions
2024-10-07 21:52:00.131 INFO (MainThread) [homeassistant.components.automation.vpd_control_automation] VPD Control Automation: Executing step setting variables
2024-10-07 21:52:00.142 INFO (MainThread) [homeassistant.components.automation.vpd_control_automation] VPD Control Automation: Executing step call service
2024-10-07 21:52:00.148 INFO (MainThread) [homeassistant.components.automation.vpd_control_automation] VPD Control Automation: Executing step call service
2024-10-07 21:52:00.149 INFO (MainThread) [homeassistant.components.automation.vpd_control_automation] VPD Control Automation: Executing step call service
2024-10-07 21:52:00.150 WARNING (MainThread) [homeassistant.helpers.service] Referenced entities input_number.previous_d_canopy_target are missing or not currently available
2024-10-07 21:52:00.150 INFO (MainThread) [homeassistant.components.automation.vpd_control_automation] VPD Control Automation: Executing step call service
2024-10-07 21:52:00.151 WARNING (MainThread) [homeassistant.helpers.service] Referenced entities input_number.integral_intake are missing or not currently available
2024-10-07 21:52:00.151 INFO (MainThread) [homeassistant.components.automation.vpd_control_automation] VPD Control Automation: Executing step call service
2024-10-07 21:52:00.153 WARNING (MainThread) [homeassistant.helpers.service] Referenced entities input_number.integral_exhaust are missing or not currently available
2024-10-07 21:52:00.154 INFO (MainThread) [homeassistant.components.automation.vpd_control_automation] VPD Control Automation: Choose at step 7: choice 1: Running automation actions
2024-10-07 21:52:00.155 INFO (MainThread) [homeassistant.components.automation.vpd_control_automation] VPD Control Automation: Choose at step 7: choice 1: Choose at step 1: choice 1: Running automation actions
2024-10-07 21:52:00.155 INFO (MainThread) [homeassistant.components.automation.vpd_control_automation] VPD Control Automation: Choose at step 7: choice 1: Choose at step 1: choice 1: Executing step call service
2024-10-07 21:52:00.160 INFO (MainThread) [homeassistant.components.automation.vpd_control_automation] VPD Control Automation: Choose at step 7: choice 1: Choose at step 2: choice 2: Running automation actions
2024-10-07 21:52:00.161 INFO (MainThread) [homeassistant.components.automation.vpd_control_automation] VPD Control Automation: Choose at step 7: choice 1: Choose at step 2: choice 2: Executing step call service
2024-10-07 21:52:00.164 INFO (MainThread) [homeassistant.components.automation.vpd_control_automation] VPD Control Automation: Choose at step 7: choice 1: Choose at step 2: choice 2: Executing step call service
2024-10-07 21:52:00.168 INFO (MainThread) [homeassistant.components.automation.vpd_control_automation] VPD Control Automation: Choose at step 7: choice 1: Choose at step 2: choice 2: Executing step call service
2024-10-07 21:52:00.224 DEBUG (MainThread) [homeassistant.components.automation.water_circulation] Automation trigger 'None' triggered by time pattern
2024-10-07 21:52:00.226 DEBUG (MainThread) [homeassistant.components.automation.water_circulation] Conditions not met, aborting automation. Condition summary: {'trigger/0': deque([{'path': 'trigger/0', 'timestamp': datetime.datetime(2024, 10, 7, 19, 52, 0, 225519, tzinfo=datetime.timezone.utc), 'changed_variables': {'this': {'entity_id': 'automation.water_circulation', 'state': 'on', 'attributes': {'id': 'automations_water_circulation', 'last_triggered': None, 'mode': 'single', 'current': 0, 'friendly_name': 'Water Circulation'}, 'last_changed': '2024-10-07T19:46:23.607126+00:00', 'last_reported': '2024-10-07T19:46:23.607126+00:00', 'last_updated': '2024-10-07T19:46:23.607126+00:00', 'context': {'id': '01J9M89G7Q1D75FFMD9PGMNER0', 'parent_id': None, 'user_id': None}}, 'trigger': {'id': '0', 'idx': '0', 'alias': None, 'platform': 'time_pattern', 'now': datetime.datetime(2024, 10, 7, 21, 52, 0, 224274, tzinfo=zoneinfo.ZoneInfo(key='Europe/Berlin')), 'description': 'time pattern'}}}]), 'condition/0': deque([{'path': 'condition/0', 'timestamp': datetime.datetime(2024, 10, 7, 19, 52, 0, 225649, tzinfo=datetime.timezone.utc), 'result': {'result': False, 'entities': ['input_number.water_circulation_period']}}])}
2024-10-07 21:52:00.414 DEBUG (MainThread) [homeassistant.components.automation.light_intensity_control] Automation trigger 'None' triggered by time pattern
2024-10-07 21:52:00.417 INFO (MainThread) [homeassistant.components.automation.light_intensity_control] Light Intensity Control: Running automation actions
2024-10-07 21:52:00.418 INFO (MainThread) [homeassistant.components.automation.light_intensity_control] Light Intensity Control: Executing step setting variables
2024-10-07 21:52:00.425 INFO (MainThread) [homeassistant.components.automation.light_intensity_control] Light Intensity Control: Executing step call service
2024-10-07 21:52:00.431 INFO (MainThread) [homeassistant.components.automation.light_intensity_control] Light Intensity Control: Executing step call service
2024-10-07 21:52:00.434 INFO (MainThread) [homeassistant.components.automation.light_intensity_control] Light Intensity Control: Executing step call service
2024-10-07 21:52:00.436 INFO (MainThread) [homeassistant.components.automation.light_intensity_control] Light Intensity Control: Executing step call service
2024-10-07 21:52:00.440 DEBUG (MainThread) [homeassistant.components.automation.timelapse] Automation trigger 'None' triggered by time pattern
2024-10-07 21:52:00.441 DEBUG (MainThread) [homeassistant.components.automation.timelapse] Conditions not met, aborting automation. Condition summary: {'trigger/0': deque([{'path': 'trigger/0', 'timestamp': datetime.datetime(2024, 10, 7, 19, 52, 0, 440431, tzinfo=datetime.timezone.utc), 'changed_variables': {'this': {'entity_id': 'automation.timelapse', 'state': 'on', 'attributes': {'id': 'automations_timelapse', 'last_triggered': datetime.datetime(2024, 10, 7, 18, 0, 0, 488274, tzinfo=datetime.timezone.utc), 'mode': 'single', 'current': 0, 'friendly_name': 'Timelapse'}, 'last_changed': '2024-10-07T19:46:23.605575+00:00', 'last_reported': '2024-10-07T19:46:23.605575+00:00', 'last_updated': '2024-10-07T19:46:23.605575+00:00', 'context': {'id': '01J9M89G7NCXV8P961E8W3JCZC', 'parent_id': None, 'user_id': None}}, 'trigger': {'id': '0', 'idx': '0', 'alias': None, 'platform': 'time_pattern', 'now': datetime.datetime(2024, 10, 7, 21, 52, 0, 438998, tzinfo=zoneinfo.ZoneInfo(key='Europe/Berlin')), 'description': 'time pattern'}}}]), 'condition/0': deque([{'path': 'condition/0', 'timestamp': datetime.datetime(2024, 10, 7, 19, 52, 0, 440508, tzinfo=datetime.timezone.utc), 'result': {'result': False, 'entities': ['input_number.timelapse_period']}}])}
2024-10-07 21:53:00.128 DEBUG (MainThread) [homeassistant.components.automation.vpd_control_automation] Automation trigger 'None' triggered by time pattern
2024-10-07 21:53:00.132 INFO (MainThread) [homeassistant.components.automation.vpd_control_automation] VPD Control Automation: Running automation actions
2024-10-07 21:53:00.132 INFO (MainThread) [homeassistant.components.automation.vpd_control_automation] VPD Control Automation: Executing step setting variables
2024-10-07 21:53:00.143 INFO (MainThread) [homeassistant.components.automation.vpd_control_automation] VPD Control Automation: Executing step call service
2024-10-07 21:53:00.145 INFO (MainThread) [homeassistant.components.automation.vpd_control_automation] VPD Control Automation: Executing step call service
2024-10-07 21:53:00.149 INFO (MainThread) [homeassistant.components.automation.vpd_control_automation] VPD Control Automation: Executing step call service
2024-10-07 21:53:00.150 WARNING (MainThread) [homeassistant.helpers.service] Referenced entities input_number.previous_d_canopy_target are missing or not currently available
2024-10-07 21:53:00.150 INFO (MainThread) [homeassistant.components.automation.vpd_control_automation] VPD Control Automation: Executing step call service
2024-10-07 21:53:00.151 WARNING (MainThread) [homeassistant.helpers.service] Referenced entities input_number.integral_intake are missing or not currently available
2024-10-07 21:53:00.151 INFO (MainThread) [homeassistant.components.automation.vpd_control_automation] VPD Control Automation: Executing step call service
2024-10-07 21:53:00.152 WARNING (MainThread) [homeassistant.helpers.service] Referenced entities input_number.integral_exhaust are missing or not currently available
2024-10-07 21:53:00.156 INFO (MainThread) [homeassistant.components.automation.vpd_control_automation] VPD Control Automation: Choose at step 7: choice 1: Running automation actions
2024-10-07 21:53:00.157 INFO (MainThread) [homeassistant.components.automation.vpd_control_automation] VPD Control Automation: Choose at step 7: choice 1: Choose at step 1: choice 1: Running automation actions
2024-10-07 21:53:00.157 INFO (MainThread) [homeassistant.components.automation.vpd_control_automation] VPD Control Automation: Choose at step 7: choice 1: Choose at step 1: choice 1: Executing step call service
2024-10-07 21:53:00.161 INFO (MainThread) [homeassistant.components.automation.vpd_control_automation] VPD Control Automation: Choose at step 7: choice 1: Choose at step 2: choice 2: Running automation actions
2024-10-07 21:53:00.161 INFO (MainThread) [homeassistant.components.automation.vpd_control_automation] VPD Control Automation: Choose at step 7: choice 1: Choose at step 2: choice 2: Executing step call service
2024-10-07 21:53:00.164 INFO (MainThread) [homeassistant.components.automation.vpd_control_automation] VPD Control Automation: Choose at step 7: choice 1: Choose at step 2: choice 2: Executing step call service
2024-10-07 21:53:00.168 INFO (MainThread) [homeassistant.components.automation.vpd_control_automation] VPD Control Automation: Choose at step 7: choice 1: Choose at step 2: choice 2: Executing step call service
2024-10-07 21:53:00.225 DEBUG (MainThread) [homeassistant.components.automation.water_circulation] Automation trigger 'None' triggered by time pattern
2024-10-07 21:53:00.227 DEBUG (MainThread) [homeassistant.components.automation.water_circulation] Conditions not met, aborting automation. Condition summary: {'trigger/0': deque([{'path': 'trigger/0', 'timestamp': datetime.datetime(2024, 10, 7, 19, 53, 0, 225987, tzinfo=datetime.timezone.utc), 'changed_variables': {'this': {'entity_id': 'automation.water_circulation', 'state': 'on', 'attributes': {'id': 'automations_water_circulation', 'last_triggered': None, 'mode': 'single', 'current': 0, 'friendly_name': 'Water Circulation'}, 'last_changed': '2024-10-07T19:46:23.607126+00:00', 'last_reported': '2024-10-07T19:46:23.607126+00:00', 'last_updated': '2024-10-07T19:46:23.607126+00:00', 'context': {'id': '01J9M89G7Q1D75FFMD9PGMNER0', 'parent_id': None, 'user_id': None}}, 'trigger': {'id': '0', 'idx': '0', 'alias': None, 'platform': 'time_pattern', 'now': datetime.datetime(2024, 10, 7, 21, 53, 0, 224641, tzinfo=zoneinfo.ZoneInfo(key='Europe/Berlin')), 'description': 'time pattern'}}}]), 'condition/0': deque([{'path': 'condition/0', 'timestamp': datetime.datetime(2024, 10, 7, 19, 53, 0, 226122, tzinfo=datetime.timezone.utc), 'result': {'result': False, 'entities': ['input_number.water_circulation_period']}}])}
2024-10-07 21:53:00.433 DEBUG (MainThread) [homeassistant.components.automation.timelapse] Automation trigger 'None' triggered by time pattern
2024-10-07 21:53:00.435 DEBUG (MainThread) [homeassistant.components.automation.timelapse] Conditions not met, aborting automation. Condition summary: {'trigger/0': deque([{'path': 'trigger/0', 'timestamp': datetime.datetime(2024, 10, 7, 19, 53, 0, 434295, tzinfo=datetime.timezone.utc), 'changed_variables': {'this': {'entity_id': 'automation.timelapse', 'state': 'on', 'attributes': {'id': 'automations_timelapse', 'last_triggered': datetime.datetime(2024, 10, 7, 18, 0, 0, 488274, tzinfo=datetime.timezone.utc), 'mode': 'single', 'current': 0, 'friendly_name': 'Timelapse'}, 'last_changed': '2024-10-07T19:46:23.605575+00:00', 'last_reported': '2024-10-07T19:46:23.605575+00:00', 'last_updated': '2024-10-07T19:46:23.605575+00:00', 'context': {'id': '01J9M89G7NCXV8P961E8W3JCZC', 'parent_id': None, 'user_id': None}}, 'trigger': {'id': '0', 'idx': '0', 'alias': None, 'platform': 'time_pattern', 'now': datetime.datetime(2024, 10, 7, 21, 53, 0, 432996, tzinfo=zoneinfo.ZoneInfo(key='Europe/Berlin')), 'description': 'time pattern'}}}]), 'condition/0': deque([{'path': 'condition/0', 'timestamp': datetime.datetime(2024, 10, 7, 19, 53, 0, 434421, tzinfo=datetime.timezone.utc), 'result': {'result': False, 'entities': ['input_number.timelapse_period']}}])}
2024-10-07 21:54:00.128 DEBUG (MainThread) [homeassistant.components.automation.vpd_control_automation] Automation trigger 'None' triggered by time pattern
2024-10-07 21:54:00.132 INFO (MainThread) [homeassistant.components.automation.vpd_control_automation] VPD Control Automation: Running automation actions
2024-10-07 21:54:00.133 INFO (MainThread) [homeassistant.components.automation.vpd_control_automation] VPD Control Automation: Executing step setting variables
2024-10-07 21:54:00.145 INFO (MainThread) [homeassistant.components.automation.vpd_control_automation] VPD Control Automation: Executing step call service
2024-10-07 21:54:00.146 INFO (MainThread) [homeassistant.components.automation.vpd_control_automation] VPD Control Automation: Executing step call service
2024-10-07 21:54:00.150 INFO (MainThread) [homeassistant.components.automation.vpd_control_automation] VPD Control Automation: Executing step call service
2024-10-07 21:54:00.150 WARNING (MainThread) [homeassistant.helpers.service] Referenced entities input_number.previous_d_canopy_target are missing or not currently available
2024-10-07 21:54:00.151 INFO (MainThread) [homeassistant.components.automation.vpd_control_automation] VPD Control Automation: Executing step call service
2024-10-07 21:54:00.151 WARNING (MainThread) [homeassistant.helpers.service] Referenced entities input_number.integral_intake are missing or not currently available
2024-10-07 21:54:00.152 INFO (MainThread) [homeassistant.components.automation.vpd_control_automation] VPD Control Automation: Executing step call service
2024-10-07 21:54:00.152 WARNING (MainThread) [homeassistant.helpers.service] Referenced entities input_number.integral_exhaust are missing or not currently available
2024-10-07 21:54:00.153 INFO (MainThread) [homeassistant.components.automation.vpd_control_automation] VPD Control Automation: Choose at step 7: choice 1: Running automation actions
2024-10-07 21:54:00.155 INFO (MainThread) [homeassistant.components.automation.vpd_control_automation] VPD Control Automation: Choose at step 7: choice 1: Choose at step 1: choice 1: Running automation actions
2024-10-07 21:54:00.156 INFO (MainThread) [homeassistant.components.automation.vpd_control_automation] VPD Control Automation: Choose at step 7: choice 1: Choose at step 1: choice 1: Executing step call service
2024-10-07 21:54:00.163 INFO (MainThread) [homeassistant.components.automation.vpd_control_automation] VPD Control Automation: Choose at step 7: choice 1: Choose at step 2: choice 2: Running automation actions
2024-10-07 21:54:00.164 INFO (MainThread) [homeassistant.components.automation.vpd_control_automation] VPD Control Automation: Choose at step 7: choice 1: Choose at step 2: choice 2: Executing step call service
2024-10-07 21:54:00.166 INFO (MainThread) [homeassistant.components.automation.vpd_control_automation] VPD Control Automation: Choose at step 7: choice 1: Choose at step 2: choice 2: Executing step call service
2024-10-07 21:54:00.169 INFO (MainThread) [homeassistant.components.automation.vpd_control_automation] VPD Control Automation: Choose at step 7: choice 1: Choose at step 2: choice 2: Executing step call service
2024-10-07 21:54:00.224 DEBUG (MainThread) [homeassistant.components.automation.water_circulation] Automation trigger 'None' triggered by time pattern
2024-10-07 21:54:00.226 DEBUG (MainThread) [homeassistant.components.automation.water_circulation] Conditions not met, aborting automation. Condition summary: {'trigger/0': deque([{'path': 'trigger/0', 'timestamp': datetime.datetime(2024, 10, 7, 19, 54, 0, 225062, tzinfo=datetime.timezone.utc), 'changed_variables': {'this': {'entity_id': 'automation.water_circulation', 'state': 'on', 'attributes': {'id': 'automations_water_circulation', 'last_triggered': None, 'mode': 'single', 'current': 0, 'friendly_name': 'Water Circulation'}, 'last_changed': '2024-10-07T19:46:23.607126+00:00', 'last_reported': '2024-10-07T19:46:23.607126+00:00', 'last_updated': '2024-10-07T19:46:23.607126+00:00', 'context': {'id': '01J9M89G7Q1D75FFMD9PGMNER0', 'parent_id': None, 'user_id': None}}, 'trigger': {'id': '0', 'idx': '0', 'alias': None, 'platform': 'time_pattern', 'now': datetime.datetime(2024, 10, 7, 21, 54, 0, 224011, tzinfo=zoneinfo.ZoneInfo(key='Europe/Berlin')), 'description': 'time pattern'}}}]), 'condition/0': deque([{'path': 'condition/0', 'timestamp': datetime.datetime(2024, 10, 7, 19, 54, 0, 225190, tzinfo=datetime.timezone.utc), 'result': {'result': False, 'entities': ['input_number.water_circulation_period']}}])}
2024-10-07 21:54:00.414 DEBUG (MainThread) [homeassistant.components.automation.light_intensity_control] Automation trigger 'None' triggered by time pattern
2024-10-07 21:54:00.417 INFO (MainThread) [homeassistant.components.automation.light_intensity_control] Light Intensity Control: Running automation actions
2024-10-07 21:54:00.417 INFO (MainThread) [homeassistant.components.automation.light_intensity_control] Light Intensity Control: Executing step setting variables
2024-10-07 21:54:00.425 INFO (MainThread) [homeassistant.components.automation.light_intensity_control] Light Intensity Control: Executing step call service
2024-10-07 21:54:00.428 INFO (MainThread) [homeassistant.components.automation.light_intensity_control] Light Intensity Control: Executing step call service
2024-10-07 21:54:00.432 INFO (MainThread) [homeassistant.components.automation.light_intensity_control] Light Intensity Control: Executing step call service
2024-10-07 21:54:00.434 INFO (MainThread) [homeassistant.components.automation.light_intensity_control] Light Intensity Control: Executing step call service
2024-10-07 21:54:00.436 DEBUG (MainThread) [homeassistant.components.automation.timelapse] Automation trigger 'None' triggered by time pattern
2024-10-07 21:54:00.437 DEBUG (MainThread) [homeassistant.components.automation.timelapse] Conditions not met, aborting automation. Condition summary: {'trigger/0': deque([{'path': 'trigger/0', 'timestamp': datetime.datetime(2024, 10, 7, 19, 54, 0, 436948, tzinfo=datetime.timezone.utc), 'changed_variables': {'this': {'entity_id': 'automation.timelapse', 'state': 'on', 'attributes': {'id': 'automations_timelapse', 'last_triggered': datetime.datetime(2024, 10, 7, 18, 0, 0, 488274, tzinfo=datetime.timezone.utc), 'mode': 'single', 'current': 0, 'friendly_name': 'Timelapse'}, 'last_changed': '2024-10-07T19:46:23.605575+00:00', 'last_reported': '2024-10-07T19:46:23.605575+00:00', 'last_updated': '2024-10-07T19:46:23.605575+00:00', 'context': {'id': '01J9M89G7NCXV8P961E8W3JCZC', 'parent_id': None, 'user_id': None}}, 'trigger': {'id': '0', 'idx': '0', 'alias': None, 'platform': 'time_pattern', 'now': datetime.datetime(2024, 10, 7, 21, 54, 0, 436441, tzinfo=zoneinfo.ZoneInfo(key='Europe/Berlin')), 'description': 'time pattern'}}}]), 'condition/0': deque([{'path': 'condition/0', 'timestamp': datetime.datetime(2024, 10, 7, 19, 54, 0, 437003, tzinfo=datetime.timezone.utc), 'result': {'result': False, 'entities': ['input_number.timelapse_period']}}])}
2024-10-07 21:55:00.127 DEBUG (MainThread) [homeassistant.components.automation.vpd_control_automation] Automation trigger 'None' triggered by time pattern
2024-10-07 21:55:00.131 INFO (MainThread) [homeassistant.components.automation.vpd_control_automation] VPD Control Automation: Running automation actions
2024-10-07 21:55:00.132 INFO (MainThread) [homeassistant.components.automation.vpd_control_automation] VPD Control Automation: Executing step setting variables
2024-10-07 21:55:00.145 INFO (MainThread) [homeassistant.components.automation.vpd_control_automation] VPD Control Automation: Executing step call service
2024-10-07 21:55:00.147 INFO (MainThread) [homeassistant.components.automation.vpd_control_automation] VPD Control Automation: Executing step call service
2024-10-07 21:55:00.149 INFO (MainThread) [homeassistant.components.automation.vpd_control_automation] VPD Control Automation: Executing step call service
2024-10-07 21:55:00.150 WARNING (MainThread) [homeassistant.helpers.service] Referenced entities input_number.previous_d_canopy_target are missing or not currently available
2024-10-07 21:55:00.150 INFO (MainThread) [homeassistant.components.automation.vpd_control_automation] VPD Control Automation: Executing step call service
2024-10-07 21:55:00.153 WARNING (MainThread) [homeassistant.helpers.service] Referenced entities input_number.integral_intake are missing or not currently available
2024-10-07 21:55:00.154 INFO (MainThread) [homeassistant.components.automation.vpd_control_automation] VPD Control Automation: Executing step call service
2024-10-07 21:55:00.154 WARNING (MainThread) [homeassistant.helpers.service] Referenced entities input_number.integral_exhaust are missing or not currently available
2024-10-07 21:55:00.155 INFO (MainThread) [homeassistant.components.automation.vpd_control_automation] VPD Control Automation: Choose at step 7: choice 1: Running automation actions
2024-10-07 21:55:00.159 INFO (MainThread) [homeassistant.components.automation.vpd_control_automation] VPD Control Automation: Choose at step 7: choice 1: Choose at step 1: choice 2: Running automation actions
2024-10-07 21:55:00.160 INFO (MainThread) [homeassistant.components.automation.vpd_control_automation] VPD Control Automation: Choose at step 7: choice 1: Choose at step 1: choice 2: Executing step call service
2024-10-07 21:55:00.225 DEBUG (MainThread) [homeassistant.components.automation.water_circulation] Automation trigger 'None' triggered by time pattern
2024-10-07 21:55:00.227 DEBUG (MainThread) [homeassistant.components.automation.water_circulation] Conditions not met, aborting automation. Condition summary: {'trigger/0': deque([{'path': 'trigger/0', 'timestamp': datetime.datetime(2024, 10, 7, 19, 55, 0, 226086, tzinfo=datetime.timezone.utc), 'changed_variables': {'this': {'entity_id': 'automation.water_circulation', 'state': 'on', 'attributes': {'id': 'automations_water_circulation', 'last_triggered': None, 'mode': 'single', 'current': 0, 'friendly_name': 'Water Circulation'}, 'last_changed': '2024-10-07T19:46:23.607126+00:00', 'last_reported': '2024-10-07T19:46:23.607126+00:00', 'last_updated': '2024-10-07T19:46:23.607126+00:00', 'context': {'id': '01J9M89G7Q1D75FFMD9PGMNER0', 'parent_id': None, 'user_id': None}}, 'trigger': {'id': '0', 'idx': '0', 'alias': None, 'platform': 'time_pattern', 'now': datetime.datetime(2024, 10, 7, 21, 55, 0, 224915, tzinfo=zoneinfo.ZoneInfo(key='Europe/Berlin')), 'description': 'time pattern'}}}]), 'condition/0': deque([{'path': 'condition/0', 'timestamp': datetime.datetime(2024, 10, 7, 19, 55, 0, 226204, tzinfo=datetime.timezone.utc), 'result': {'result': False, 'entities': ['input_number.water_circulation_period']}}])}
2024-10-07 21:55:00.434 DEBUG (MainThread) [homeassistant.components.automation.timelapse] Automation trigger 'None' triggered by time pattern
2024-10-07 21:55:00.436 DEBUG (MainThread) [homeassistant.components.automation.timelapse] Conditions not met, aborting automation. Condition summary: {'trigger/0': deque([{'path': 'trigger/0', 'timestamp': datetime.datetime(2024, 10, 7, 19, 55, 0, 435560, tzinfo=datetime.timezone.utc), 'changed_variables': {'this': {'entity_id': 'automation.timelapse', 'state': 'on', 'attributes': {'id': 'automations_timelapse', 'last_triggered': datetime.datetime(2024, 10, 7, 18, 0, 0, 488274, tzinfo=datetime.timezone.utc), 'mode': 'single', 'current': 0, 'friendly_name': 'Timelapse'}, 'last_changed': '2024-10-07T19:46:23.605575+00:00', 'last_reported': '2024-10-07T19:46:23.605575+00:00', 'last_updated': '2024-10-07T19:46:23.605575+00:00', 'context': {'id': '01J9M89G7NCXV8P961E8W3JCZC', 'parent_id': None, 'user_id': None}}, 'trigger': {'id': '0', 'idx': '0', 'alias': None, 'platform': 'time_pattern', 'now': datetime.datetime(2024, 10, 7, 21, 55, 0, 434333, tzinfo=zoneinfo.ZoneInfo(key='Europe/Berlin')), 'description': 'time pattern'}}}]), 'condition/0': deque([{'path': 'condition/0', 'timestamp': datetime.datetime(2024, 10, 7, 19, 55, 0, 435688, tzinfo=datetime.timezone.utc), 'result': {'result': False, 'entities': ['input_number.timelapse_period']}}])}
2024-10-07 21:56:00.127 DEBUG (MainThread) [homeassistant.components.automation.vpd_control_automation] Automation trigger 'None' triggered by time pattern
2024-10-07 21:56:00.131 INFO (MainThread) [homeassistant.components.automation.vpd_control_automation] VPD Control Automation: Running automation actions
2024-10-07 21:56:00.132 INFO (MainThread) [homeassistant.components.automation.vpd_control_automation] VPD Control Automation: Executing step setting variables
2024-10-07 21:56:00.148 INFO (MainThread) [homeassistant.components.automation.vpd_control_automation] VPD Control Automation: Executing step call service
2024-10-07 21:56:00.151 INFO (MainThread) [homeassistant.components.automation.vpd_control_automation] VPD Control Automation: Executing step call service
2024-10-07 21:56:00.153 INFO (MainThread) [homeassistant.components.automation.vpd_control_automation] VPD Control Automation: Executing step call service
2024-10-07 21:56:00.161 WARNING (MainThread) [homeassistant.helpers.service] Referenced entities input_number.previous_d_canopy_target are missing or not currently available
2024-10-07 21:56:00.162 INFO (MainThread) [homeassistant.components.automation.vpd_control_automation] VPD Control Automation: Executing step call service
2024-10-07 21:56:00.163 WARNING (MainThread) [homeassistant.helpers.service] Referenced entities input_number.integral_intake are missing or not currently available
2024-10-07 21:56:00.163 INFO (MainThread) [homeassistant.components.automation.vpd_control_automation] VPD Control Automation: Executing step call service
2024-10-07 21:56:00.164 WARNING (MainThread) [homeassistant.helpers.service] Referenced entities input_number.integral_exhaust are missing or not currently available
2024-10-07 21:56:00.168 INFO (MainThread) [homeassistant.components.automation.vpd_control_automation] VPD Control Automation: Choose at step 7: choice 1: Running automation actions
2024-10-07 21:56:00.169 INFO (MainThread) [homeassistant.components.automation.vpd_control_automation] VPD Control Automation: Choose at step 7: choice 1: Choose at step 1: choice 1: Running automation actions
2024-10-07 21:56:00.169 INFO (MainThread) [homeassistant.components.automation.vpd_control_automation] VPD Control Automation: Choose at step 7: choice 1: Choose at step 1: choice 1: Executing step call service
2024-10-07 21:56:00.177 INFO (MainThread) [homeassistant.components.automation.vpd_control_automation] VPD Control Automation: Choose at step 7: choice 1: Choose at step 2: choice 2: Running automation actions
2024-10-07 21:56:00.177 INFO (MainThread) [homeassistant.components.automation.vpd_control_automation] VPD Control Automation: Choose at step 7: choice 1: Choose at step 2: choice 2: Executing step call service
2024-10-07 21:56:00.181 INFO (MainThread) [homeassistant.components.automation.vpd_control_automation] VPD Control Automation: Choose at step 7: choice 1: Choose at step 2: choice 2: Executing step call service
2024-10-07 21:56:00.185 INFO (MainThread) [homeassistant.components.automation.vpd_control_automation] VPD Control Automation: Choose at step 7: choice 1: Choose at step 2: choice 2: Executing step call service
2024-10-07 21:56:00.224 DEBUG (MainThread) [homeassistant.components.automation.water_circulation] Automation trigger 'None' triggered by time pattern
2024-10-07 21:56:00.225 DEBUG (MainThread) [homeassistant.components.automation.water_circulation] Conditions not met, aborting automation. Condition summary: {'trigger/0': deque([{'path': 'trigger/0', 'timestamp': datetime.datetime(2024, 10, 7, 19, 56, 0, 224916, tzinfo=datetime.timezone.utc), 'changed_variables': {'this': {'entity_id': 'automation.water_circulation', 'state': 'on', 'attributes': {'id': 'automations_water_circulation', 'last_triggered': None, 'mode': 'single', 'current': 0, 'friendly_name': 'Water Circulation'}, 'last_changed': '2024-10-07T19:46:23.607126+00:00', 'last_reported': '2024-10-07T19:46:23.607126+00:00', 'last_updated': '2024-10-07T19:46:23.607126+00:00', 'context': {'id': '01J9M89G7Q1D75FFMD9PGMNER0', 'parent_id': None, 'user_id': None}}, 'trigger': {'id': '0', 'idx': '0', 'alias': None, 'platform': 'time_pattern', 'now': datetime.datetime(2024, 10, 7, 21, 56, 0, 224107, tzinfo=zoneinfo.ZoneInfo(key='Europe/Berlin')), 'description': 'time pattern'}}}]), 'condition/0': deque([{'path': 'condition/0', 'timestamp': datetime.datetime(2024, 10, 7, 19, 56, 0, 225000, tzinfo=datetime.timezone.utc), 'result': {'result': False, 'entities': ['input_number.water_circulation_period']}}])}
2024-10-07 21:56:00.415 DEBUG (MainThread) [homeassistant.components.automation.light_intensity_control] Automation trigger 'None' triggered by time pattern
2024-10-07 21:56:00.418 INFO (MainThread) [homeassistant.components.automation.light_intensity_control] Light Intensity Control: Running automation actions
2024-10-07 21:56:00.418 INFO (MainThread) [homeassistant.components.automation.light_intensity_control] Light Intensity Control: Executing step setting variables
2024-10-07 21:56:00.426 INFO (MainThread) [homeassistant.components.automation.light_intensity_control] Light Intensity Control: Executing step call service
2024-10-07 21:56:00.433 INFO (MainThread) [homeassistant.components.automation.light_intensity_control] Light Intensity Control: Executing step call service
2024-10-07 21:56:00.435 INFO (MainThread) [homeassistant.components.automation.light_intensity_control] Light Intensity Control: Executing step call service
2024-10-07 21:56:00.437 INFO (MainThread) [homeassistant.components.automation.light_intensity_control] Light Intensity Control: Executing step call service
2024-10-07 21:56:00.439 DEBUG (MainThread) [homeassistant.components.automation.timelapse] Automation trigger 'None' triggered by time pattern
2024-10-07 21:56:00.440 DEBUG (MainThread) [homeassistant.components.automation.timelapse] Conditions not met, aborting automation. Condition summary: {'trigger/0': deque([{'path': 'trigger/0', 'timestamp': datetime.datetime(2024, 10, 7, 19, 56, 0, 439883, tzinfo=datetime.timezone.utc), 'changed_variables': {'this': {'entity_id': 'automation.timelapse', 'state': 'on', 'attributes': {'id': 'automations_timelapse', 'last_triggered': datetime.datetime(2024, 10, 7, 18, 0, 0, 488274, tzinfo=datetime.timezone.utc), 'mode': 'single', 'current': 0, 'friendly_name': 'Timelapse'}, 'last_changed': '2024-10-07T19:46:23.605575+00:00', 'last_reported': '2024-10-07T19:46:23.605575+00:00', 'last_updated': '2024-10-07T19:46:23.605575+00:00', 'context': {'id': '01J9M89G7NCXV8P961E8W3JCZC', 'parent_id': None, 'user_id': None}}, 'trigger': {'id': '0', 'idx': '0', 'alias': None, 'platform': 'time_pattern', 'now': datetime.datetime(2024, 10, 7, 21, 56, 0, 439401, tzinfo=zoneinfo.ZoneInfo(key='Europe/Berlin')), 'description': 'time pattern'}}}]), 'condition/0': deque([{'path': 'condition/0', 'timestamp': datetime.datetime(2024, 10, 7, 19, 56, 0, 439934, tzinfo=datetime.timezone.utc), 'result': {'result': False, 'entities': ['input_number.timelapse_period']}}])}
2024-10-07 21:57:00.128 DEBUG (MainThread) [homeassistant.components.automation.vpd_control_automation] Automation trigger 'None' triggered by time pattern
2024-10-07 21:57:00.131 INFO (MainThread) [homeassistant.components.automation.vpd_control_automation] VPD Control Automation: Running automation actions
2024-10-07 21:57:00.132 INFO (MainThread) [homeassistant.components.automation.vpd_control_automation] VPD Control Automation: Executing step setting variables
2024-10-07 21:57:00.144 INFO (MainThread) [homeassistant.components.automation.vpd_control_automation] VPD Control Automation: Executing step call service
2024-10-07 21:57:00.148 INFO (MainThread) [homeassistant.components.automation.vpd_control_automation] VPD Control Automation: Executing step call service
2024-10-07 21:57:00.149 INFO (MainThread) [homeassistant.components.automation.vpd_control_automation] VPD Control Automation: Executing step call service
2024-10-07 21:57:00.150 WARNING (MainThread) [homeassistant.helpers.service] Referenced entities input_number.previous_d_canopy_target are missing or not currently available
2024-10-07 21:57:00.151 INFO (MainThread) [homeassistant.components.automation.vpd_control_automation] VPD Control Automation: Executing step call service
2024-10-07 21:57:00.152 WARNING (MainThread) [homeassistant.helpers.service] Referenced entities input_number.integral_intake are missing or not currently available
2024-10-07 21:57:00.154 INFO (MainThread) [homeassistant.components.automation.vpd_control_automation] VPD Control Automation: Executing step call service
2024-10-07 21:57:00.155 WARNING (MainThread) [homeassistant.helpers.service] Referenced entities input_number.integral_exhaust are missing or not currently available
2024-10-07 21:57:00.156 INFO (MainThread) [homeassistant.components.automation.vpd_control_automation] VPD Control Automation: Choose at step 7: choice 1: Running automation actions
2024-10-07 21:57:00.157 INFO (MainThread) [homeassistant.components.automation.vpd_control_automation] VPD Control Automation: Choose at step 7: choice 1: Choose at step 1: choice 1: Running automation actions
2024-10-07 21:57:00.157 INFO (MainThread) [homeassistant.components.automation.vpd_control_automation] VPD Control Automation: Choose at step 7: choice 1: Choose at step 1: choice 1: Executing step call service
2024-10-07 21:57:00.164 INFO (MainThread) [homeassistant.components.automation.vpd_control_automation] VPD Control Automation: Choose at step 7: choice 1: Choose at step 2: choice 2: Running automation actions
2024-10-07 21:57:00.164 INFO (MainThread) [homeassistant.components.automation.vpd_control_automation] VPD Control Automation: Choose at step 7: choice 1: Choose at step 2: choice 2: Executing step call service
2024-10-07 21:57:00.167 INFO (MainThread) [homeassistant.components.automation.vpd_control_automation] VPD Control Automation: Choose at step 7: choice 1: Choose at step 2: choice 2: Executing step call service
2024-10-07 21:57:00.169 INFO (MainThread) [homeassistant.components.automation.vpd_control_automation] VPD Control Automation: Choose at step 7: choice 1: Choose at step 2: choice 2: Executing step call service
2024-10-07 21:57:00.224 DEBUG (MainThread) [homeassistant.components.automation.water_circulation] Automation trigger 'None' triggered by time pattern
2024-10-07 21:57:00.225 DEBUG (MainThread) [homeassistant.components.automation.water_circulation] Conditions not met, aborting automation. Condition summary: {'trigger/0': deque([{'path': 'trigger/0', 'timestamp': datetime.datetime(2024, 10, 7, 19, 57, 0, 224815, tzinfo=datetime.timezone.utc), 'changed_variables': {'this': {'entity_id': 'automation.water_circulation', 'state': 'on', 'attributes': {'id': 'automations_water_circulation', 'last_triggered': None, 'mode': 'single', 'current': 0, 'friendly_name': 'Water Circulation'}, 'last_changed': '2024-10-07T19:46:23.607126+00:00', 'last_reported': '2024-10-07T19:46:23.607126+00:00', 'last_updated': '2024-10-07T19:46:23.607126+00:00', 'context': {'id': '01J9M89G7Q1D75FFMD9PGMNER0', 'parent_id': None, 'user_id': None}}, 'trigger': {'id': '0', 'idx': '0', 'alias': None, 'platform': 'time_pattern', 'now': datetime.datetime(2024, 10, 7, 21, 57, 0, 223951, tzinfo=zoneinfo.ZoneInfo(key='Europe/Berlin')), 'description': 'time pattern'}}}]), 'condition/0': deque([{'path': 'condition/0', 'timestamp': datetime.datetime(2024, 10, 7, 19, 57, 0, 224894, tzinfo=datetime.timezone.utc), 'result': {'result': False, 'entities': ['input_number.water_circulation_period']}}])}
2024-10-07 21:57:00.434 DEBUG (MainThread) [homeassistant.components.automation.timelapse] Automation trigger 'None' triggered by time pattern
2024-10-07 21:57:00.435 DEBUG (MainThread) [homeassistant.components.automation.timelapse] Conditions not met, aborting automation. Condition summary: {'trigger/0': deque([{'path': 'trigger/0', 'timestamp': datetime.datetime(2024, 10, 7, 19, 57, 0, 435042, tzinfo=datetime.timezone.utc), 'changed_variables': {'this': {'entity_id': 'automation.timelapse', 'state': 'on', 'attributes': {'id': 'automations_timelapse', 'last_triggered': datetime.datetime(2024, 10, 7, 18, 0, 0, 488274, tzinfo=datetime.timezone.utc), 'mode': 'single', 'current': 0, 'friendly_name': 'Timelapse'}, 'last_changed': '2024-10-07T19:46:23.605575+00:00', 'last_reported': '2024-10-07T19:46:23.605575+00:00', 'last_updated': '2024-10-07T19:46:23.605575+00:00', 'context': {'id': '01J9M89G7NCXV8P961E8W3JCZC', 'parent_id': None, 'user_id': None}}, 'trigger': {'id': '0', 'idx': '0', 'alias': None, 'platform': 'time_pattern', 'now': datetime.datetime(2024, 10, 7, 21, 57, 0, 434355, tzinfo=zoneinfo.ZoneInfo(key='Europe/Berlin')), 'description': 'time pattern'}}}]), 'condition/0': deque([{'path': 'condition/0', 'timestamp': datetime.datetime(2024, 10, 7, 19, 57, 0, 435108, tzinfo=datetime.timezone.utc), 'result': {'result': False, 'entities': ['input_number.timelapse_period']}}])}
2024-10-07 21:58:00.128 DEBUG (MainThread) [homeassistant.components.automation.vpd_control_automation] Automation trigger 'None' triggered by time pattern
2024-10-07 21:58:00.131 INFO (MainThread) [homeassistant.components.automation.vpd_control_automation] VPD Control Automation: Running automation actions
2024-10-07 21:58:00.132 INFO (MainThread) [homeassistant.components.automation.vpd_control_automation] VPD Control Automation: Executing step setting variables
2024-10-07 21:58:00.143 INFO (MainThread) [homeassistant.components.automation.vpd_control_automation] VPD Control Automation: Executing step call service
2024-10-07 21:58:00.151 INFO (MainThread) [homeassistant.components.automation.vpd_control_automation] VPD Control Automation: Executing step call service
2024-10-07 21:58:00.152 INFO (MainThread) [homeassistant.components.automation.vpd_control_automation] VPD Control Automation: Executing step call service
2024-10-07 21:58:00.153 WARNING (MainThread) [homeassistant.helpers.service] Referenced entities input_number.previous_d_canopy_target are missing or not currently available
2024-10-07 21:58:00.154 INFO (MainThread) [homeassistant.components.automation.vpd_control_automation] VPD Control Automation: Executing step call service
2024-10-07 21:58:00.156 WARNING (MainThread) [homeassistant.helpers.service] Referenced entities input_number.integral_intake are missing or not currently available
2024-10-07 21:58:00.156 INFO (MainThread) [homeassistant.components.automation.vpd_control_automation] VPD Control Automation: Executing step call service
2024-10-07 21:58:00.157 WARNING (MainThread) [homeassistant.helpers.service] Referenced entities input_number.integral_exhaust are missing or not currently available
2024-10-07 21:58:00.159 INFO (MainThread) [homeassistant.components.automation.vpd_control_automation] VPD Control Automation: Choose at step 7: choice 1: Running automation actions
2024-10-07 21:58:00.160 INFO (MainThread) [homeassistant.components.automation.vpd_control_automation] VPD Control Automation: Choose at step 7: choice 1: Choose at step 1: choice 2: Running automation actions
2024-10-07 21:58:00.160 INFO (MainThread) [homeassistant.components.automation.vpd_control_automation] VPD Control Automation: Choose at step 7: choice 1: Choose at step 1: choice 2: Executing step call service
2024-10-07 21:58:00.225 DEBUG (MainThread) [homeassistant.components.automation.water_circulation] Automation trigger 'None' triggered by time pattern
2024-10-07 21:58:00.226 DEBUG (MainThread) [homeassistant.components.automation.water_circulation] Conditions not met, aborting automation. Condition summary: {'trigger/0': deque([{'path': 'trigger/0', 'timestamp': datetime.datetime(2024, 10, 7, 19, 58, 0, 225818, tzinfo=datetime.timezone.utc), 'changed_variables': {'this': {'entity_id': 'automation.water_circulation', 'state': 'on', 'attributes': {'id': 'automations_water_circulation', 'last_triggered': None, 'mode': 'single', 'current': 0, 'friendly_name': 'Water Circulation'}, 'last_changed': '2024-10-07T19:46:23.607126+00:00', 'last_reported': '2024-10-07T19:46:23.607126+00:00', 'last_updated': '2024-10-07T19:46:23.607126+00:00', 'context': {'id': '01J9M89G7Q1D75FFMD9PGMNER0', 'parent_id': None, 'user_id': None}}, 'trigger': {'id': '0', 'idx': '0', 'alias': None, 'platform': 'time_pattern', 'now': datetime.datetime(2024, 10, 7, 21, 58, 0, 224883, tzinfo=zoneinfo.ZoneInfo(key='Europe/Berlin')), 'description': 'time pattern'}}}]), 'condition/0': deque([{'path': 'condition/0', 'timestamp': datetime.datetime(2024, 10, 7, 19, 58, 0, 225948, tzinfo=datetime.timezone.utc), 'result': {'result': False, 'entities': ['input_number.water_circulation_period']}}])}
2024-10-07 21:58:00.413 DEBUG (MainThread) [homeassistant.components.automation.light_intensity_control] Automation trigger 'None' triggered by time pattern
2024-10-07 21:58:00.416 INFO (MainThread) [homeassistant.components.automation.light_intensity_control] Light Intensity Control: Running automation actions
2024-10-07 21:58:00.417 INFO (MainThread) [homeassistant.components.automation.light_intensity_control] Light Intensity Control: Executing step setting variables
2024-10-07 21:58:00.426 INFO (MainThread) [homeassistant.components.automation.light_intensity_control] Light Intensity Control: Executing step call service
2024-10-07 21:58:00.429 INFO (MainThread) [homeassistant.components.automation.light_intensity_control] Light Intensity Control: Executing step call service
2024-10-07 21:58:00.431 INFO (MainThread) [homeassistant.components.automation.light_intensity_control] Light Intensity Control: Executing step call service
2024-10-07 21:58:00.433 INFO (MainThread) [homeassistant.components.automation.light_intensity_control] Light Intensity Control: Executing step call service
2024-10-07 21:58:00.435 DEBUG (MainThread) [homeassistant.components.automation.timelapse] Automation trigger 'None' triggered by time pattern
2024-10-07 21:58:00.438 DEBUG (MainThread) [homeassistant.components.automation.timelapse] Conditions not met, aborting automation. Condition summary: {'trigger/0': deque([{'path': 'trigger/0', 'timestamp': datetime.datetime(2024, 10, 7, 19, 58, 0, 436209, tzinfo=datetime.timezone.utc), 'changed_variables': {'this': {'entity_id': 'automation.timelapse', 'state': 'on', 'attributes': {'id': 'automations_timelapse', 'last_triggered': datetime.datetime(2024, 10, 7, 18, 0, 0, 488274, tzinfo=datetime.timezone.utc), 'mode': 'single', 'current': 0, 'friendly_name': 'Timelapse'}, 'last_changed': '2024-10-07T19:46:23.605575+00:00', 'last_reported': '2024-10-07T19:46:23.605575+00:00', 'last_updated': '2024-10-07T19:46:23.605575+00:00', 'context': {'id': '01J9M89G7NCXV8P961E8W3JCZC', 'parent_id': None, 'user_id': None}}, 'trigger': {'id': '0', 'idx': '0', 'alias': None, 'platform': 'time_pattern', 'now': datetime.datetime(2024, 10, 7, 21, 58, 0, 435739, tzinfo=zoneinfo.ZoneInfo(key='Europe/Berlin')), 'description': 'time pattern'}}}]), 'condition/0': deque([{'path': 'condition/0', 'timestamp': datetime.datetime(2024, 10, 7, 19, 58, 0, 436259, tzinfo=datetime.timezone.utc), 'result': {'result': False, 'entities': ['input_number.timelapse_period']}}])}
2024-10-07 21:59:00.127 DEBUG (MainThread) [homeassistant.components.automation.vpd_control_automation] Automation trigger 'None' triggered by time pattern
2024-10-07 21:59:00.131 INFO (MainThread) [homeassistant.components.automation.vpd_control_automation] VPD Control Automation: Running automation actions
2024-10-07 21:59:00.132 INFO (MainThread) [homeassistant.components.automation.vpd_control_automation] VPD Control Automation: Executing step setting variables
2024-10-07 21:59:00.143 INFO (MainThread) [homeassistant.components.automation.vpd_control_automation] VPD Control Automation: Executing step call service
2024-10-07 21:59:00.145 INFO (MainThread) [homeassistant.components.automation.vpd_control_automation] VPD Control Automation: Executing step call service
2024-10-07 21:59:00.148 INFO (MainThread) [homeassistant.components.automation.vpd_control_automation] VPD Control Automation: Executing step call service
2024-10-07 21:59:00.150 WARNING (MainThread) [homeassistant.helpers.service] Referenced entities input_number.previous_d_canopy_target are missing or not currently available
2024-10-07 21:59:00.151 INFO (MainThread) [homeassistant.components.automation.vpd_control_automation] VPD Control Automation: Executing step call service
2024-10-07 21:59:00.152 WARNING (MainThread) [homeassistant.helpers.service] Referenced entities input_number.integral_intake are missing or not currently available
2024-10-07 21:59:00.153 INFO (MainThread) [homeassistant.components.automation.vpd_control_automation] VPD Control Automation: Executing step call service
2024-10-07 21:59:00.154 WARNING (MainThread) [homeassistant.helpers.service] Referenced entities input_number.integral_exhaust are missing or not currently available
2024-10-07 21:59:00.155 INFO (MainThread) [homeassistant.components.automation.vpd_control_automation] VPD Control Automation: Choose at step 7: choice 1: Running automation actions
2024-10-07 21:59:00.156 INFO (MainThread) [homeassistant.components.automation.vpd_control_automation] VPD Control Automation: Choose at step 7: choice 1: Choose at step 1: choice 2: Running automation actions
2024-10-07 21:59:00.157 INFO (MainThread) [homeassistant.components.automation.vpd_control_automation] VPD Control Automation: Choose at step 7: choice 1: Choose at step 1: choice 2: Executing step call service
2024-10-07 21:59:00.224 DEBUG (MainThread) [homeassistant.components.automation.water_circulation] Automation trigger 'None' triggered by time pattern
2024-10-07 21:59:00.225 DEBUG (MainThread) [homeassistant.components.automation.water_circulation] Conditions not met, aborting automation. Condition summary: {'trigger/0': deque([{'path': 'trigger/0', 'timestamp': datetime.datetime(2024, 10, 7, 19, 59, 0, 224947, tzinfo=datetime.timezone.utc), 'changed_variables': {'this': {'entity_id': 'automation.water_circulation', 'state': 'on', 'attributes': {'id': 'automations_water_circulation', 'last_triggered': None, 'mode': 'single', 'current': 0, 'friendly_name': 'Water Circulation'}, 'last_changed': '2024-10-07T19:46:23.607126+00:00', 'last_reported': '2024-10-07T19:46:23.607126+00:00', 'last_updated': '2024-10-07T19:46:23.607126+00:00', 'context': {'id': '01J9M89G7Q1D75FFMD9PGMNER0', 'parent_id': None, 'user_id': None}}, 'trigger': {'id': '0', 'idx': '0', 'alias': None, 'platform': 'time_pattern', 'now': datetime.datetime(2024, 10, 7, 21, 59, 0, 224078, tzinfo=zoneinfo.ZoneInfo(key='Europe/Berlin')), 'description': 'time pattern'}}}]), 'condition/0': deque([{'path': 'condition/0', 'timestamp': datetime.datetime(2024, 10, 7, 19, 59, 0, 225032, tzinfo=datetime.timezone.utc), 'result': {'result': False, 'entities': ['input_number.water_circulation_period']}}])}
2024-10-07 21:59:00.435 DEBUG (MainThread) [homeassistant.components.automation.timelapse] Automation trigger 'None' triggered by time pattern
2024-10-07 21:59:00.436 DEBUG (MainThread) [homeassistant.components.automation.timelapse] Conditions not met, aborting automation. Condition summary: {'trigger/0': deque([{'path': 'trigger/0', 'timestamp': datetime.datetime(2024, 10, 7, 19, 59, 0, 435820, tzinfo=datetime.timezone.utc), 'changed_variables': {'this': {'entity_id': 'automation.timelapse', 'state': 'on', 'attributes': {'id': 'automations_timelapse', 'last_triggered': datetime.datetime(2024, 10, 7, 18, 0, 0, 488274, tzinfo=datetime.timezone.utc), 'mode': 'single', 'current': 0, 'friendly_name': 'Timelapse'}, 'last_changed': '2024-10-07T19:46:23.605575+00:00', 'last_reported': '2024-10-07T19:46:23.605575+00:00', 'last_updated': '2024-10-07T19:46:23.605575+00:00', 'context': {'id': '01J9M89G7NCXV8P961E8W3JCZC', 'parent_id': None, 'user_id': None}}, 'trigger': {'id': '0', 'idx': '0', 'alias': None, 'platform': 'time_pattern', 'now': datetime.datetime(2024, 10, 7, 21, 59, 0, 434577, tzinfo=zoneinfo.ZoneInfo(key='Europe/Berlin')), 'description': 'time pattern'}}}]), 'condition/0': deque([{'path': 'condition/0', 'timestamp': datetime.datetime(2024, 10, 7, 19, 59, 0, 435946, tzinfo=datetime.timezone.utc), 'result': {'result': False, 'entities': ['input_number.timelapse_period']}}])}
2024-10-07 22:00:00.127 DEBUG (MainThread) [homeassistant.components.automation.vpd_control_automation] Automation trigger 'None' triggered by time pattern
2024-10-07 22:00:00.130 INFO (MainThread) [homeassistant.components.automation.vpd_control_automation] VPD Control Automation: Running automation actions
2024-10-07 22:00:00.131 INFO (MainThread) [homeassistant.components.automation.vpd_control_automation] VPD Control Automation: Executing step setting variables
2024-10-07 22:00:00.144 INFO (MainThread) [homeassistant.components.automation.vpd_control_automation] VPD Control Automation: Executing step call service
2024-10-07 22:00:00.147 INFO (MainThread) [homeassistant.components.automation.vpd_control_automation] VPD Control Automation: Executing step call service
2024-10-07 22:00:00.148 INFO (MainThread) [homeassistant.components.automation.vpd_control_automation] VPD Control Automation: Executing step call service
2024-10-07 22:00:00.149 WARNING (MainThread) [homeassistant.helpers.service] Referenced entities input_number.previous_d_canopy_target are missing or not currently available
2024-10-07 22:00:00.152 INFO (MainThread) [homeassistant.components.automation.vpd_control_automation] VPD Control Automation: Executing step call service
2024-10-07 22:00:00.153 WARNING (MainThread) [homeassistant.helpers.service] Referenced entities input_number.integral_intake are missing or not currently available
2024-10-07 22:00:00.153 INFO (MainThread) [homeassistant.components.automation.vpd_control_automation] VPD Control Automation: Executing step call service
2024-10-07 22:00:00.154 WARNING (MainThread) [homeassistant.helpers.service] Referenced entities input_number.integral_exhaust are missing or not currently available
2024-10-07 22:00:00.154 INFO (MainThread) [homeassistant.components.automation.vpd_control_automation] VPD Control Automation: Choose at step 7: choice 1: Running automation actions
2024-10-07 22:00:00.155 INFO (MainThread) [homeassistant.components.automation.vpd_control_automation] VPD Control Automation: Choose at step 7: choice 1: Choose at step 1: choice 1: Running automation actions
2024-10-07 22:00:00.155 INFO (MainThread) [homeassistant.components.automation.vpd_control_automation] VPD Control Automation: Choose at step 7: choice 1: Choose at step 1: choice 1: Executing step call service
2024-10-07 22:00:00.159 INFO (MainThread) [homeassistant.components.automation.vpd_control_automation] VPD Control Automation: Choose at step 7: choice 1: Choose at step 2: choice 2: Running automation actions
2024-10-07 22:00:00.160 INFO (MainThread) [homeassistant.components.automation.vpd_control_automation] VPD Control Automation: Choose at step 7: choice 1: Choose at step 2: choice 2: Executing step call service
2024-10-07 22:00:00.163 INFO (MainThread) [homeassistant.components.automation.vpd_control_automation] VPD Control Automation: Choose at step 7: choice 1: Choose at step 2: choice 2: Executing step call service
2024-10-07 22:00:00.166 INFO (MainThread) [homeassistant.components.automation.vpd_control_automation] VPD Control Automation: Choose at step 7: choice 1: Choose at step 2: choice 2: Executing step call service
2024-10-07 22:00:00.224 DEBUG (MainThread) [homeassistant.components.automation.water_circulation] Automation trigger 'None' triggered by time pattern
2024-10-07 22:00:00.229 INFO (MainThread) [homeassistant.components.automation.water_circulation] Water Circulation: Running automation actions
2024-10-07 22:00:00.229 INFO (MainThread) [homeassistant.components.automation.water_circulation] Water Circulation: Executing step call service
2024-10-07 22:00:00.236 INFO (MainThread) [homeassistant.components.automation.water_circulation] Water Circulation: Executing step delay 0:00:05
2024-10-07 22:00:00.320 DEBUG (MainThread) [homeassistant.components.automation.light_height_automation] Automation trigger 'None' triggered by time pattern
2024-10-07 22:00:00.323 DEBUG (MainThread) [homeassistant.components.automation.light_height_automation] Conditions not met, aborting automation. Condition summary: {'trigger/0': deque([{'path': 'trigger/0', 'timestamp': datetime.datetime(2024, 10, 7, 20, 0, 0, 320659, tzinfo=datetime.timezone.utc), 'changed_variables': {'this': {'entity_id': 'automation.light_height_automation', 'state': 'on', 'attributes': {'id': 'automations_light_height', 'last_triggered': datetime.datetime(2024, 10, 7, 0, 43, 0, 334495, tzinfo=datetime.timezone.utc), 'mode': 'single', 'current': 0, 'friendly_name': 'Light Height Automation'}, 'last_changed': '2024-10-07T19:46:23.603806+00:00', 'last_reported': '2024-10-07T19:46:23.603806+00:00', 'last_updated': '2024-10-07T19:46:23.603806+00:00', 'context': {'id': '01J9M89G7KFR3DCEZMEA9SYE5X', 'parent_id': None, 'user_id': None}}, 'trigger': {'id': '0', 'idx': '0', 'alias': None, 'platform': 'time_pattern', 'now': datetime.datetime(2024, 10, 7, 22, 0, 0, 319261, tzinfo=zoneinfo.ZoneInfo(key='Europe/Berlin')), 'description': 'time pattern'}}}]), 'condition/0': deque([{'path': 'condition/0', 'timestamp': datetime.datetime(2024, 10, 7, 20, 0, 0, 320797, tzinfo=datetime.timezone.utc), 'result': {'result': True}}]), 'condition/0/entity_id/0': deque([{'path': 'condition/0/entity_id/0', 'timestamp': datetime.datetime(2024, 10, 7, 20, 0, 0, 320917, tzinfo=datetime.timezone.utc), 'result': {'result': True, 'state': 'on', 'wanted_state': 'on'}}]), 'condition/1': deque([{'path': 'condition/1', 'timestamp': datetime.datetime(2024, 10, 7, 20, 0, 0, 321154, tzinfo=datetime.timezone.utc), 'result': {'result': True}}]), 'condition/1/entity_id/0': deque([{'path': 'condition/1/entity_id/0', 'timestamp': datetime.datetime(2024, 10, 7, 20, 0, 0, 321248, tzinfo=datetime.timezone.utc), 'result': {'result': True, 'state': 'on', 'wanted_state': 'on'}}]), 'condition/2': deque([{'path': 'condition/2', 'timestamp': datetime.datetime(2024, 10, 7, 20, 0, 0, 321482, tzinfo=datetime.timezone.utc), 'result': {'result': True}}]), 'condition/2/entity_id/0': deque([{'path': 'condition/2/entity_id/0', 'timestamp': datetime.datetime(2024, 10, 7, 20, 0, 0, 321576, tzinfo=datetime.timezone.utc), 'result': {'result': True, 'state': 'off', 'wanted_state': 'off'}}]), 'condition/3': deque([{'path': 'condition/3', 'timestamp': datetime.datetime(2024, 10, 7, 20, 0, 0, 321761, tzinfo=datetime.timezone.utc), 'result': {'result': True}}]), 'condition/3/entity_id/0': deque([{'path': 'condition/3/entity_id/0', 'timestamp': datetime.datetime(2024, 10, 7, 20, 0, 0, 321855, tzinfo=datetime.timezone.utc), 'result': {'result': True, 'state': 'off', 'wanted_state': 'off'}}]), 'condition/4': deque([{'path': 'condition/4', 'timestamp': datetime.datetime(2024, 10, 7, 20, 0, 0, 322214, tzinfo=datetime.timezone.utc), 'result': {'result': False, 'entities': ['input_number.cola_detection_distance_threshold', 'sensor.esp1_g1_light_distance_sensor']}}])}
2024-10-07 22:00:00.413 DEBUG (MainThread) [homeassistant.components.automation.light_intensity_control] Automation trigger 'None' triggered by time pattern
2024-10-07 22:00:00.417 INFO (MainThread) [homeassistant.components.automation.light_intensity_control] Light Intensity Control: Running automation actions
2024-10-07 22:00:00.417 INFO (MainThread) [homeassistant.components.automation.light_intensity_control] Light Intensity Control: Executing step setting variables
2024-10-07 22:00:00.424 INFO (MainThread) [homeassistant.components.automation.light_intensity_control] Light Intensity Control: Executing step call service
2024-10-07 22:00:00.431 INFO (MainThread) [homeassistant.components.automation.light_intensity_control] Light Intensity Control: Executing step call service
2024-10-07 22:00:00.435 INFO (MainThread) [homeassistant.components.automation.light_intensity_control] Light Intensity Control: Executing step call service
2024-10-07 22:00:00.436 INFO (MainThread) [homeassistant.components.automation.light_intensity_control] Light Intensity Control: Executing step call service
2024-10-07 22:00:00.439 DEBUG (MainThread) [homeassistant.components.automation.timelapse] Automation trigger 'None' triggered by time pattern
2024-10-07 22:00:00.444 INFO (MainThread) [homeassistant.components.automation.timelapse] Timelapse: Running automation actions
2024-10-07 22:00:00.444 INFO (MainThread) [homeassistant.components.automation.timelapse] Timelapse: Executing step call service
2024-10-07 22:00:01.480 INFO (MainThread) [homeassistant.components.automation.timelapse] Timelapse: Executing step call service
2024-10-07 22:00:01.483 ERROR (MainThread) [homeassistant.components.automation.timelapse] Timelapse: Error executing script. Invalid data for call_service at pos 2: Invalid time specified: 2024-10-07 22:00:01 for dictionary value @ data['time']
2024-10-07 22:00:01.488 ERROR (MainThread) [homeassistant.components.automation.timelapse] Error while executing automation automation.timelapse: Invalid time specified: 2024-10-07 22:00:01 for dictionary value @ data['time']
2024-10-07 22:00:05.238 INFO (MainThread) [homeassistant.components.automation.water_circulation] Water Circulation: Executing step call service
2024-10-07 22:01:00.127 DEBUG (MainThread) [homeassistant.components.automation.vpd_control_automation] Automation trigger 'None' triggered by time pattern
2024-10-07 22:01:00.131 INFO (MainThread) [homeassistant.components.automation.vpd_control_automation] VPD Control Automation: Running automation actions
2024-10-07 22:01:00.132 INFO (MainThread) [homeassistant.components.automation.vpd_control_automation] VPD Control Automation: Executing step setting variables
2024-10-07 22:01:00.143 INFO (MainThread) [homeassistant.components.automation.vpd_control_automation] VPD Control Automation: Executing step call service
2024-10-07 22:01:00.145 INFO (MainThread) [homeassistant.components.automation.vpd_control_automation] VPD Control Automation: Executing step call service
2024-10-07 22:01:00.149 INFO (MainThread) [homeassistant.components.automation.vpd_control_automation] VPD Control Automation: Executing step call service
2024-10-07 22:01:00.150 WARNING (MainThread) [homeassistant.helpers.service] Referenced entities input_number.previous_d_canopy_target are missing or not currently available
2024-10-07 22:01:00.150 INFO (MainThread) [homeassistant.components.automation.vpd_control_automation] VPD Control Automation: Executing step call service
2024-10-07 22:01:00.151 WARNING (MainThread) [homeassistant.helpers.service] Referenced entities input_number.integral_intake are missing or not currently available
2024-10-07 22:01:00.151 INFO (MainThread) [homeassistant.components.automation.vpd_control_automation] VPD Control Automation: Executing step call service
2024-10-07 22:01:00.152 WARNING (MainThread) [homeassistant.helpers.service] Referenced entities input_number.integral_exhaust are missing or not currently available
2024-10-07 22:01:00.155 INFO (MainThread) [homeassistant.components.automation.vpd_control_automation] VPD Control Automation: Choose at step 7: choice 1: Running automation actions
2024-10-07 22:01:00.156 INFO (MainThread) [homeassistant.components.automation.vpd_control_automation] VPD Control Automation: Choose at step 7: choice 1: Choose at step 1: choice 1: Running automation actions
2024-10-07 22:01:00.156 INFO (MainThread) [homeassistant.components.automation.vpd_control_automation] VPD Control Automation: Choose at step 7: choice 1: Choose at step 1: choice 1: Executing step call service
2024-10-07 22:01:00.162 INFO (MainThread) [homeassistant.components.automation.vpd_control_automation] VPD Control Automation: Choose at step 7: choice 1: Choose at step 2: choice 2: Running automation actions
2024-10-07 22:01:00.163 INFO (MainThread) [homeassistant.components.automation.vpd_control_automation] VPD Control Automation: Choose at step 7: choice 1: Choose at step 2: choice 2: Executing step call service
2024-10-07 22:01:00.165 INFO (MainThread) [homeassistant.components.automation.vpd_control_automation] VPD Control Automation: Choose at step 7: choice 1: Choose at step 2: choice 2: Executing step call service
2024-10-07 22:01:00.168 INFO (MainThread) [homeassistant.components.automation.vpd_control_automation] VPD Control Automation: Choose at step 7: choice 1: Choose at step 2: choice 2: Executing step call service
2024-10-07 22:01:00.225 DEBUG (MainThread) [homeassistant.components.automation.water_circulation] Automation trigger 'None' triggered by time pattern
2024-10-07 22:01:00.227 DEBUG (MainThread) [homeassistant.components.automation.water_circulation] Conditions not met, aborting automation. Condition summary: {'trigger/0': deque([{'path': 'trigger/0', 'timestamp': datetime.datetime(2024, 10, 7, 20, 1, 0, 226102, tzinfo=datetime.timezone.utc), 'changed_variables': {'this': {'entity_id': 'automation.water_circulation', 'state': 'on', 'attributes': {'id': 'automations_water_circulation', 'last_triggered': datetime.datetime(2024, 10, 7, 20, 0, 0, 227460, tzinfo=datetime.timezone.utc), 'mode': 'single', 'current': 0, 'friendly_name': 'Water Circulation'}, 'last_changed': '2024-10-07T19:46:23.607126+00:00', 'last_reported': '2024-10-07T20:00:05.243192+00:00', 'last_updated': '2024-10-07T20:00:05.243192+00:00', 'context': {'id': '01J9M92JKV657T2P0QTBBG5XA3', 'parent_id': None, 'user_id': None}}, 'trigger': {'id': '0', 'idx': '0', 'alias': None, 'platform': 'time_pattern', 'now': datetime.datetime(2024, 10, 7, 22, 1, 0, 224737, tzinfo=zoneinfo.ZoneInfo(key='Europe/Berlin')), 'description': 'time pattern'}}}]), 'condition/0': deque([{'path': 'condition/0', 'timestamp': datetime.datetime(2024, 10, 7, 20, 1, 0, 226243, tzinfo=datetime.timezone.utc), 'result': {'result': False, 'entities': ['input_number.water_circulation_period']}}])}
2024-10-07 22:01:00.434 DEBUG (MainThread) [homeassistant.components.automation.timelapse] Automation trigger 'None' triggered by time pattern
2024-10-07 22:01:00.435 DEBUG (MainThread) [homeassistant.components.automation.timelapse] Conditions not met, aborting automation. Condition summary: {'trigger/0': deque([{'path': 'trigger/0', 'timestamp': datetime.datetime(2024, 10, 7, 20, 1, 0, 434818, tzinfo=datetime.timezone.utc), 'changed_variables': {'this': {'entity_id': 'automation.timelapse', 'state': 'on', 'attributes': {'id': 'automations_timelapse', 'last_triggered': datetime.datetime(2024, 10, 7, 20, 0, 0, 443702, tzinfo=datetime.timezone.utc), 'mode': 'single', 'current': 0, 'friendly_name': 'Timelapse'}, 'last_changed': '2024-10-07T19:46:23.605575+00:00', 'last_reported': '2024-10-07T20:00:01.484035+00:00', 'last_updated': '2024-10-07T20:00:01.484035+00:00', 'context': {'id': '01J9M92DXQX3H2ACN6GHEV4A53', 'parent_id': None, 'user_id': None}}, 'trigger': {'id': '0', 'idx': '0', 'alias': None, 'platform': 'time_pattern', 'now': datetime.datetime(2024, 10, 7, 22, 1, 0, 433639, tzinfo=zoneinfo.ZoneInfo(key='Europe/Berlin')), 'description': 'time pattern'}}}]), 'condition/0': deque([{'path': 'condition/0', 'timestamp': datetime.datetime(2024, 10, 7, 20, 1, 0, 434931, tzinfo=datetime.timezone.utc), 'result': {'result': False, 'entities': ['input_number.timelapse_period']}}])}
2024-10-07 22:02:00.127 DEBUG (MainThread) [homeassistant.components.automation.vpd_control_automation] Automation trigger 'None' triggered by time pattern
2024-10-07 22:02:00.131 INFO (MainThread) [homeassistant.components.automation.vpd_control_automation] VPD Control Automation: Running automation actions
2024-10-07 22:02:00.132 INFO (MainThread) [homeassistant.components.automation.vpd_control_automation] VPD Control Automation: Executing step setting variables
2024-10-07 22:02:00.143 INFO (MainThread) [homeassistant.components.automation.vpd_control_automation] VPD Control Automation: Executing step call service
2024-10-07 22:02:00.145 INFO (MainThread) [homeassistant.components.automation.vpd_control_automation] VPD Control Automation: Executing step call service
2024-10-07 22:02:00.148 INFO (MainThread) [homeassistant.components.automation.vpd_control_automation] VPD Control Automation: Executing step call service
2024-10-07 22:02:00.148 WARNING (MainThread) [homeassistant.helpers.service] Referenced entities input_number.previous_d_canopy_target are missing or not currently available
2024-10-07 22:02:00.149 INFO (MainThread) [homeassistant.components.automation.vpd_control_automation] VPD Control Automation: Executing step call service
2024-10-07 22:02:00.150 WARNING (MainThread) [homeassistant.helpers.service] Referenced entities input_number.integral_intake are missing or not currently available
2024-10-07 22:02:00.150 INFO (MainThread) [homeassistant.components.automation.vpd_control_automation] VPD Control Automation: Executing step call service
2024-10-07 22:02:00.151 WARNING (MainThread) [homeassistant.helpers.service] Referenced entities input_number.integral_exhaust are missing or not currently available
2024-10-07 22:02:00.153 INFO (MainThread) [homeassistant.components.automation.vpd_control_automation] VPD Control Automation: Choose at step 7: choice 1: Running automation actions
2024-10-07 22:02:00.155 INFO (MainThread) [homeassistant.components.automation.vpd_control_automation] VPD Control Automation: Choose at step 7: choice 1: Choose at step 1: choice 2: Running automation actions
2024-10-07 22:02:00.155 INFO (MainThread) [homeassistant.components.automation.vpd_control_automation] VPD Control Automation: Choose at step 7: choice 1: Choose at step 1: choice 2: Executing step call service
2024-10-07 22:02:00.225 DEBUG (MainThread) [homeassistant.components.automation.water_circulation] Automation trigger 'None' triggered by time pattern
2024-10-07 22:02:00.226 DEBUG (MainThread) [homeassistant.components.automation.water_circulation] Conditions not met, aborting automation. Condition summary: {'trigger/0': deque([{'path': 'trigger/0', 'timestamp': datetime.datetime(2024, 10, 7, 20, 2, 0, 225562, tzinfo=datetime.timezone.utc), 'changed_variables': {'this': {'entity_id': 'automation.water_circulation', 'state': 'on', 'attributes': {'id': 'automations_water_circulation', 'last_triggered': datetime.datetime(2024, 10, 7, 20, 0, 0, 227460, tzinfo=datetime.timezone.utc), 'mode': 'single', 'current': 0, 'friendly_name': 'Water Circulation'}, 'last_changed': '2024-10-07T19:46:23.607126+00:00', 'last_reported': '2024-10-07T20:00:05.243192+00:00', 'last_updated': '2024-10-07T20:00:05.243192+00:00', 'context': {'id': '01J9M92JKV657T2P0QTBBG5XA3', 'parent_id': None, 'user_id': None}}, 'trigger': {'id': '0', 'idx': '0', 'alias': None, 'platform': 'time_pattern', 'now': datetime.datetime(2024, 10, 7, 22, 2, 0, 224551, tzinfo=zoneinfo.ZoneInfo(key='Europe/Berlin')), 'description': 'time pattern'}}}]), 'condition/0': deque([{'path': 'condition/0', 'timestamp': datetime.datetime(2024, 10, 7, 20, 2, 0, 225663, tzinfo=datetime.timezone.utc), 'result': {'result': False, 'entities': ['input_number.water_circulation_period']}}])}
2024-10-07 22:02:00.414 DEBUG (MainThread) [homeassistant.components.automation.light_intensity_control] Automation trigger 'None' triggered by time pattern
2024-10-07 22:02:00.417 INFO (MainThread) [homeassistant.components.automation.light_intensity_control] Light Intensity Control: Running automation actions
2024-10-07 22:02:00.418 INFO (MainThread) [homeassistant.components.automation.light_intensity_control] Light Intensity Control: Executing step setting variables
2024-10-07 22:02:00.425 INFO (MainThread) [homeassistant.components.automation.light_intensity_control] Light Intensity Control: Executing step call service
2024-10-07 22:02:00.429 INFO (MainThread) [homeassistant.components.automation.light_intensity_control] Light Intensity Control: Executing step call service
2024-10-07 22:02:00.433 INFO (MainThread) [homeassistant.components.automation.light_intensity_control] Light Intensity Control: Executing step call service
2024-10-07 22:02:00.434 INFO (MainThread) [homeassistant.components.automation.light_intensity_control] Light Intensity Control: Executing step call service
2024-10-07 22:02:00.436 DEBUG (MainThread) [homeassistant.components.automation.timelapse] Automation trigger 'None' triggered by time pattern
2024-10-07 22:02:00.437 DEBUG (MainThread) [homeassistant.components.automation.timelapse] Conditions not met, aborting automation. Condition summary: {'trigger/0': deque([{'path': 'trigger/0', 'timestamp': datetime.datetime(2024, 10, 7, 20, 2, 0, 437110, tzinfo=datetime.timezone.utc), 'changed_variables': {'this': {'entity_id': 'automation.timelapse', 'state': 'on', 'attributes': {'id': 'automations_timelapse', 'last_triggered': datetime.datetime(2024, 10, 7, 20, 0, 0, 443702, tzinfo=datetime.timezone.utc), 'mode': 'single', 'current': 0, 'friendly_name': 'Timelapse'}, 'last_changed': '2024-10-07T19:46:23.605575+00:00', 'last_reported': '2024-10-07T20:00:01.484035+00:00', 'last_updated': '2024-10-07T20:00:01.484035+00:00', 'context': {'id': '01J9M92DXQX3H2ACN6GHEV4A53', 'parent_id': None, 'user_id': None}}, 'trigger': {'id': '0', 'idx': '0', 'alias': None, 'platform': 'time_pattern', 'now': datetime.datetime(2024, 10, 7, 22, 2, 0, 436601, tzinfo=zoneinfo.ZoneInfo(key='Europe/Berlin')), 'description': 'time pattern'}}}]), 'condition/0': deque([{'path': 'condition/0', 'timestamp': datetime.datetime(2024, 10, 7, 20, 2, 0, 437165, tzinfo=datetime.timezone.utc), 'result': {'result': False, 'entities': ['input_number.timelapse_period']}}])}
2024-10-07 22:03:00.128 DEBUG (MainThread) [homeassistant.components.automation.vpd_control_automation] Automation trigger 'None' triggered by time pattern
2024-10-07 22:03:00.131 INFO (MainThread) [homeassistant.components.automation.vpd_control_automation] VPD Control Automation: Running automation actions
2024-10-07 22:03:00.132 INFO (MainThread) [homeassistant.components.automation.vpd_control_automation] VPD Control Automation: Executing step setting variables
2024-10-07 22:03:00.142 INFO (MainThread) [homeassistant.components.automation.vpd_control_automation] VPD Control Automation: Executing step call service
2024-10-07 22:03:00.144 INFO (MainThread) [homeassistant.components.automation.vpd_control_automation] VPD Control Automation: Executing step call service
2024-10-07 22:03:00.148 INFO (MainThread) [homeassistant.components.automation.vpd_control_automation] VPD Control Automation: Executing step call service
2024-10-07 22:03:00.150 WARNING (MainThread) [homeassistant.helpers.service] Referenced entities input_number.previous_d_canopy_target are missing or not currently available
2024-10-07 22:03:00.150 INFO (MainThread) [homeassistant.components.automation.vpd_control_automation] VPD Control Automation: Executing step call service
2024-10-07 22:03:00.151 WARNING (MainThread) [homeassistant.helpers.service] Referenced entities input_number.integral_intake are missing or not currently available
2024-10-07 22:03:00.152 INFO (MainThread) [homeassistant.components.automation.vpd_control_automation] VPD Control Automation: Executing step call service
2024-10-07 22:03:00.153 WARNING (MainThread) [homeassistant.helpers.service] Referenced entities input_number.integral_exhaust are missing or not currently available
2024-10-07 22:03:00.155 INFO (MainThread) [homeassistant.components.automation.vpd_control_automation] VPD Control Automation: Choose at step 7: choice 1: Running automation actions
2024-10-07 22:03:00.156 INFO (MainThread) [homeassistant.components.automation.vpd_control_automation] VPD Control Automation: Choose at step 7: choice 1: Choose at step 1: choice 2: Running automation actions
2024-10-07 22:03:00.156 INFO (MainThread) [homeassistant.components.automation.vpd_control_automation] VPD Control Automation: Choose at step 7: choice 1: Choose at step 1: choice 2: Executing step call service
2024-10-07 22:03:00.225 DEBUG (MainThread) [homeassistant.components.automation.water_circulation] Automation trigger 'None' triggered by time pattern
2024-10-07 22:03:00.226 DEBUG (MainThread) [homeassistant.components.automation.water_circulation] Conditions not met, aborting automation. Condition summary: {'trigger/0': deque([{'path': 'trigger/0', 'timestamp': datetime.datetime(2024, 10, 7, 20, 3, 0, 225578, tzinfo=datetime.timezone.utc), 'changed_variables': {'this': {'entity_id': 'automation.water_circulation', 'state': 'on', 'attributes': {'id': 'automations_water_circulation', 'last_triggered': datetime.datetime(2024, 10, 7, 20, 0, 0, 227460, tzinfo=datetime.timezone.utc), 'mode': 'single', 'current': 0, 'friendly_name': 'Water Circulation'}, 'last_changed': '2024-10-07T19:46:23.607126+00:00', 'last_reported': '2024-10-07T20:00:05.243192+00:00', 'last_updated': '2024-10-07T20:00:05.243192+00:00', 'context': {'id': '01J9M92JKV657T2P0QTBBG5XA3', 'parent_id': None, 'user_id': None}}, 'trigger': {'id': '0', 'idx': '0', 'alias': None, 'platform': 'time_pattern', 'now': datetime.datetime(2024, 10, 7, 22, 3, 0, 224582, tzinfo=zoneinfo.ZoneInfo(key='Europe/Berlin')), 'description': 'time pattern'}}}]), 'condition/0': deque([{'path': 'condition/0', 'timestamp': datetime.datetime(2024, 10, 7, 20, 3, 0, 225677, tzinfo=datetime.timezone.utc), 'result': {'result': False, 'entities': ['input_number.water_circulation_period']}}])}
2024-10-07 22:03:00.433 DEBUG (MainThread) [homeassistant.components.automation.timelapse] Automation trigger 'None' triggered by time pattern
2024-10-07 22:03:00.435 DEBUG (MainThread) [homeassistant.components.automation.timelapse] Conditions not met, aborting automation. Condition summary: {'trigger/0': deque([{'path': 'trigger/0', 'timestamp': datetime.datetime(2024, 10, 7, 20, 3, 0, 434484, tzinfo=datetime.timezone.utc), 'changed_variables': {'this': {'entity_id': 'automation.timelapse', 'state': 'on', 'attributes': {'id': 'automations_timelapse', 'last_triggered': datetime.datetime(2024, 10, 7, 20, 0, 0, 443702, tzinfo=datetime.timezone.utc), 'mode': 'single', 'current': 0, 'friendly_name': 'Timelapse'}, 'last_changed': '2024-10-07T19:46:23.605575+00:00', 'last_reported': '2024-10-07T20:00:01.484035+00:00', 'last_updated': '2024-10-07T20:00:01.484035+00:00', 'context': {'id': '01J9M92DXQX3H2ACN6GHEV4A53', 'parent_id': None, 'user_id': None}}, 'trigger': {'id': '0', 'idx': '0', 'alias': None, 'platform': 'time_pattern', 'now': datetime.datetime(2024, 10, 7, 22, 3, 0, 433197, tzinfo=zoneinfo.ZoneInfo(key='Europe/Berlin')), 'description': 'time pattern'}}}]), 'condition/0': deque([{'path': 'condition/0', 'timestamp': datetime.datetime(2024, 10, 7, 20, 3, 0, 434613, tzinfo=datetime.timezone.utc), 'result': {'result': False, 'entities': ['input_number.timelapse_period']}}])}
2024-10-07 22:04:00.129 DEBUG (MainThread) [homeassistant.components.automation.vpd_control_automation] Automation trigger 'None' triggered by time pattern
2024-10-07 22:04:00.131 INFO (MainThread) [homeassistant.components.automation.vpd_control_automation] VPD Control Automation: Running automation actions
2024-10-07 22:04:00.132 INFO (MainThread) [homeassistant.components.automation.vpd_control_automation] VPD Control Automation: Executing step setting variables
2024-10-07 22:04:00.138 INFO (MainThread) [homeassistant.components.automation.vpd_control_automation] VPD Control Automation: Executing step call service
2024-10-07 22:04:00.139 INFO (MainThread) [homeassistant.components.automation.vpd_control_automation] VPD Control Automation: Executing step call service
2024-10-07 22:04:00.144 INFO (MainThread) [homeassistant.components.automation.vpd_control_automation] VPD Control Automation: Executing step call service
2024-10-07 22:04:00.145 WARNING (MainThread) [homeassistant.helpers.service] Referenced entities input_number.previous_d_canopy_target are missing or not currently available
2024-10-07 22:04:00.146 INFO (MainThread) [homeassistant.components.automation.vpd_control_automation] VPD Control Automation: Executing step call service
2024-10-07 22:04:00.146 WARNING (MainThread) [homeassistant.helpers.service] Referenced entities input_number.integral_intake are missing or not currently available
2024-10-07 22:04:00.147 INFO (MainThread) [homeassistant.components.automation.vpd_control_automation] VPD Control Automation: Executing step call service
2024-10-07 22:04:00.147 WARNING (MainThread) [homeassistant.helpers.service] Referenced entities input_number.integral_exhaust are missing or not currently available
2024-10-07 22:04:00.148 INFO (MainThread) [homeassistant.components.automation.vpd_control_automation] VPD Control Automation: Choose at step 7: choice 1: Running automation actions
2024-10-07 22:04:00.151 INFO (MainThread) [homeassistant.components.automation.vpd_control_automation] VPD Control Automation: Choose at step 7: choice 1: Choose at step 1: choice 2: Running automation actions
2024-10-07 22:04:00.152 INFO (MainThread) [homeassistant.components.automation.vpd_control_automation] VPD Control Automation: Choose at step 7: choice 1: Choose at step 1: choice 2: Executing step call service
2024-10-07 22:04:00.224 DEBUG (MainThread) [homeassistant.components.automation.water_circulation] Automation trigger 'None' triggered by time pattern
2024-10-07 22:04:00.227 DEBUG (MainThread) [homeassistant.components.automation.water_circulation] Conditions not met, aborting automation. Condition summary: {'trigger/0': deque([{'path': 'trigger/0', 'timestamp': datetime.datetime(2024, 10, 7, 20, 4, 0, 225678, tzinfo=datetime.timezone.utc), 'changed_variables': {'this': {'entity_id': 'automation.water_circulation', 'state': 'on', 'attributes': {'id': 'automations_water_circulation', 'last_triggered': datetime.datetime(2024, 10, 7, 20, 0, 0, 227460, tzinfo=datetime.timezone.utc), 'mode': 'single', 'current': 0, 'friendly_name': 'Water Circulation'}, 'last_changed': '2024-10-07T19:46:23.607126+00:00', 'last_reported': '2024-10-07T20:00:05.243192+00:00', 'last_updated': '2024-10-07T20:00:05.243192+00:00', 'context': {'id': '01J9M92JKV657T2P0QTBBG5XA3', 'parent_id': None, 'user_id': None}}, 'trigger': {'id': '0', 'idx': '0', 'alias': None, 'platform': 'time_pattern', 'now': datetime.datetime(2024, 10, 7, 22, 4, 0, 224200, tzinfo=zoneinfo.ZoneInfo(key='Europe/Berlin')), 'description': 'time pattern'}}}]), 'condition/0': deque([{'path': 'condition/0', 'timestamp': datetime.datetime(2024, 10, 7, 20, 4, 0, 225846, tzinfo=datetime.timezone.utc), 'result': {'result': False, 'entities': ['input_number.water_circulation_period']}}])}
2024-10-07 22:04:00.414 DEBUG (MainThread) [homeassistant.components.automation.light_intensity_control] Automation trigger 'None' triggered by time pattern
2024-10-07 22:04:00.417 INFO (MainThread) [homeassistant.components.automation.light_intensity_control] Light Intensity Control: Running automation actions
2024-10-07 22:04:00.417 INFO (MainThread) [homeassistant.components.automation.light_intensity_control] Light Intensity Control: Executing step setting variables
2024-10-07 22:04:00.424 INFO (MainThread) [homeassistant.components.automation.light_intensity_control] Light Intensity Control: Executing step call service
2024-10-07 22:04:00.431 INFO (MainThread) [homeassistant.components.automation.light_intensity_control] Light Intensity Control: Executing step call service
2024-10-07 22:04:00.434 INFO (MainThread) [homeassistant.components.automation.light_intensity_control] Light Intensity Control: Executing step call service
2024-10-07 22:04:00.436 INFO (MainThread) [homeassistant.components.automation.light_intensity_control] Light Intensity Control: Executing step call service
2024-10-07 22:04:00.438 DEBUG (MainThread) [homeassistant.components.automation.timelapse] Automation trigger 'None' triggered by time pattern
2024-10-07 22:04:00.439 DEBUG (MainThread) [homeassistant.components.automation.timelapse] Conditions not met, aborting automation. Condition summary: {'trigger/0': deque([{'path': 'trigger/0', 'timestamp': datetime.datetime(2024, 10, 7, 20, 4, 0, 438781, tzinfo=datetime.timezone.utc), 'changed_variables': {'this': {'entity_id': 'automation.timelapse', 'state': 'on', 'attributes': {'id': 'automations_timelapse', 'last_triggered': datetime.datetime(2024, 10, 7, 20, 0, 0, 443702, tzinfo=datetime.timezone.utc), 'mode': 'single', 'current': 0, 'friendly_name': 'Timelapse'}, 'last_changed': '2024-10-07T19:46:23.605575+00:00', 'last_reported': '2024-10-07T20:00:01.484035+00:00', 'last_updated': '2024-10-07T20:00:01.484035+00:00', 'context': {'id': '01J9M92DXQX3H2ACN6GHEV4A53', 'parent_id': None, 'user_id': None}}, 'trigger': {'id': '0', 'idx': '0', 'alias': None, 'platform': 'time_pattern', 'now': datetime.datetime(2024, 10, 7, 22, 4, 0, 438212, tzinfo=zoneinfo.ZoneInfo(key='Europe/Berlin')), 'description': 'time pattern'}}}]), 'condition/0': deque([{'path': 'condition/0', 'timestamp': datetime.datetime(2024, 10, 7, 20, 4, 0, 438847, tzinfo=datetime.timezone.utc), 'result': {'result': False, 'entities': ['input_number.timelapse_period']}}])}
2024-10-07 22:05:00.128 DEBUG (MainThread) [homeassistant.components.automation.vpd_control_automation] Automation trigger 'None' triggered by time pattern
2024-10-07 22:05:00.132 INFO (MainThread) [homeassistant.components.automation.vpd_control_automation] VPD Control Automation: Running automation actions
2024-10-07 22:05:00.132 INFO (MainThread) [homeassistant.components.automation.vpd_control_automation] VPD Control Automation: Executing step setting variables
2024-10-07 22:05:00.143 INFO (MainThread) [homeassistant.components.automation.vpd_control_automation] VPD Control Automation: Executing step call service
2024-10-07 22:05:00.144 INFO (MainThread) [homeassistant.components.automation.vpd_control_automation] VPD Control Automation: Executing step call service
2024-10-07 22:05:00.148 INFO (MainThread) [homeassistant.components.automation.vpd_control_automation] VPD Control Automation: Executing step call service
2024-10-07 22:05:00.149 WARNING (MainThread) [homeassistant.helpers.service] Referenced entities input_number.previous_d_canopy_target are missing or not currently available
2024-10-07 22:05:00.149 INFO (MainThread) [homeassistant.components.automation.vpd_control_automation] VPD Control Automation: Executing step call service
2024-10-07 22:05:00.150 WARNING (MainThread) [homeassistant.helpers.service] Referenced entities input_number.integral_intake are missing or not currently available
2024-10-07 22:05:00.150 INFO (MainThread) [homeassistant.components.automation.vpd_control_automation] VPD Control Automation: Executing step call service
2024-10-07 22:05:00.151 WARNING (MainThread) [homeassistant.helpers.service] Referenced entities input_number.integral_exhaust are missing or not currently available
2024-10-07 22:05:00.152 INFO (MainThread) [homeassistant.components.automation.vpd_control_automation] VPD Control Automation: Choose at step 7: choice 1: Running automation actions
2024-10-07 22:05:00.156 INFO (MainThread) [homeassistant.components.automation.vpd_control_automation] VPD Control Automation: Choose at step 7: choice 1: Choose at step 1: choice 2: Running automation actions
2024-10-07 22:05:00.157 INFO (MainThread) [homeassistant.components.automation.vpd_control_automation] VPD Control Automation: Choose at step 7: choice 1: Choose at step 1: choice 2: Executing step call service
2024-10-07 22:05:00.225 DEBUG (MainThread) [homeassistant.components.automation.water_circulation] Automation trigger 'None' triggered by time pattern
2024-10-07 22:05:00.227 DEBUG (MainThread) [homeassistant.components.automation.water_circulation] Conditions not met, aborting automation. Condition summary: {'trigger/0': deque([{'path': 'trigger/0', 'timestamp': datetime.datetime(2024, 10, 7, 20, 5, 0, 226179, tzinfo=datetime.timezone.utc), 'changed_variables': {'this': {'entity_id': 'automation.water_circulation', 'state': 'on', 'attributes': {'id': 'automations_water_circulation', 'last_triggered': datetime.datetime(2024, 10, 7, 20, 0, 0, 227460, tzinfo=datetime.timezone.utc), 'mode': 'single', 'current': 0, 'friendly_name': 'Water Circulation'}, 'last_changed': '2024-10-07T19:46:23.607126+00:00', 'last_reported': '2024-10-07T20:00:05.243192+00:00', 'last_updated': '2024-10-07T20:00:05.243192+00:00', 'context': {'id': '01J9M92JKV657T2P0QTBBG5XA3', 'parent_id': None, 'user_id': None}}, 'trigger': {'id': '0', 'idx': '0', 'alias': None, 'platform': 'time_pattern', 'now': datetime.datetime(2024, 10, 7, 22, 5, 0, 224792, tzinfo=zoneinfo.ZoneInfo(key='Europe/Berlin')), 'description': 'time pattern'}}}]), 'condition/0': deque([{'path': 'condition/0', 'timestamp': datetime.datetime(2024, 10, 7, 20, 5, 0, 226312, tzinfo=datetime.timezone.utc), 'result': {'result': False, 'entities': ['input_number.water_circulation_period']}}])}
2024-10-07 22:05:00.433 DEBUG (MainThread) [homeassistant.components.automation.timelapse] Automation trigger 'None' triggered by time pattern
2024-10-07 22:05:00.435 DEBUG (MainThread) [homeassistant.components.automation.timelapse] Conditions not met, aborting automation. Condition summary: {'trigger/0': deque([{'path': 'trigger/0', 'timestamp': datetime.datetime(2024, 10, 7, 20, 5, 0, 434449, tzinfo=datetime.timezone.utc), 'changed_variables': {'this': {'entity_id': 'automation.timelapse', 'state': 'on', 'attributes': {'id': 'automations_timelapse', 'last_triggered': datetime.datetime(2024, 10, 7, 20, 0, 0, 443702, tzinfo=datetime.timezone.utc), 'mode': 'single', 'current': 0, 'friendly_name': 'Timelapse'}, 'last_changed': '2024-10-07T19:46:23.605575+00:00', 'last_reported': '2024-10-07T20:00:01.484035+00:00', 'last_updated': '2024-10-07T20:00:01.484035+00:00', 'context': {'id': '01J9M92DXQX3H2ACN6GHEV4A53', 'parent_id': None, 'user_id': None}}, 'trigger': {'id': '0', 'idx': '0', 'alias': None, 'platform': 'time_pattern', 'now': datetime.datetime(2024, 10, 7, 22, 5, 0, 433178, tzinfo=zoneinfo.ZoneInfo(key='Europe/Berlin')), 'description': 'time pattern'}}}]), 'condition/0': deque([{'path': 'condition/0', 'timestamp': datetime.datetime(2024, 10, 7, 20, 5, 0, 434581, tzinfo=datetime.timezone.utc), 'result': {'result': False, 'entities': ['input_number.timelapse_period']}}])}
2024-10-07 22:06:00.128 DEBUG (MainThread) [homeassistant.components.automation.vpd_control_automation] Automation trigger 'None' triggered by time pattern
2024-10-07 22:06:00.131 INFO (MainThread) [homeassistant.components.automation.vpd_control_automation] VPD Control Automation: Running automation actions
2024-10-07 22:06:00.132 INFO (MainThread) [homeassistant.components.automation.vpd_control_automation] VPD Control Automation: Executing step setting variables
2024-10-07 22:06:00.144 INFO (MainThread) [homeassistant.components.automation.vpd_control_automation] VPD Control Automation: Executing step call service
2024-10-07 22:06:00.148 INFO (MainThread) [homeassistant.components.automation.vpd_control_automation] VPD Control Automation: Executing step call service
2024-10-07 22:06:00.149 INFO (MainThread) [homeassistant.components.automation.vpd_control_automation] VPD Control Automation: Executing step call service
2024-10-07 22:06:00.150 WARNING (MainThread) [homeassistant.helpers.service] Referenced entities input_number.previous_d_canopy_target are missing or not currently available
2024-10-07 22:06:00.150 INFO (MainThread) [homeassistant.components.automation.vpd_control_automation] VPD Control Automation: Executing step call service
2024-10-07 22:06:00.151 WARNING (MainThread) [homeassistant.helpers.service] Referenced entities input_number.integral_intake are missing or not currently available
2024-10-07 22:06:00.151 INFO (MainThread) [homeassistant.components.automation.vpd_control_automation] VPD Control Automation: Executing step call service
2024-10-07 22:06:00.152 WARNING (MainThread) [homeassistant.helpers.service] Referenced entities input_number.integral_exhaust are missing or not currently available
2024-10-07 22:06:00.155 INFO (MainThread) [homeassistant.components.automation.vpd_control_automation] VPD Control Automation: Choose at step 7: choice 1: Running automation actions
2024-10-07 22:06:00.156 INFO (MainThread) [homeassistant.components.automation.vpd_control_automation] VPD Control Automation: Choose at step 7: choice 1: Choose at step 1: choice 2: Running automation actions
2024-10-07 22:06:00.156 INFO (MainThread) [homeassistant.components.automation.vpd_control_automation] VPD Control Automation: Choose at step 7: choice 1: Choose at step 1: choice 2: Executing step call service
2024-10-07 22:06:00.225 DEBUG (MainThread) [homeassistant.components.automation.water_circulation] Automation trigger 'None' triggered by time pattern
2024-10-07 22:06:00.226 DEBUG (MainThread) [homeassistant.components.automation.water_circulation] Conditions not met, aborting automation. Condition summary: {'trigger/0': deque([{'path': 'trigger/0', 'timestamp': datetime.datetime(2024, 10, 7, 20, 6, 0, 225792, tzinfo=datetime.timezone.utc), 'changed_variables': {'this': {'entity_id': 'automation.water_circulation', 'state': 'on', 'attributes': {'id': 'automations_water_circulation', 'last_triggered': datetime.datetime(2024, 10, 7, 20, 0, 0, 227460, tzinfo=datetime.timezone.utc), 'mode': 'single', 'current': 0, 'friendly_name': 'Water Circulation'}, 'last_changed': '2024-10-07T19:46:23.607126+00:00', 'last_reported': '2024-10-07T20:00:05.243192+00:00', 'last_updated': '2024-10-07T20:00:05.243192+00:00', 'context': {'id': '01J9M92JKV657T2P0QTBBG5XA3', 'parent_id': None, 'user_id': None}}, 'trigger': {'id': '0', 'idx': '0', 'alias': None, 'platform': 'time_pattern', 'now': datetime.datetime(2024, 10, 7, 22, 6, 0, 224519, tzinfo=zoneinfo.ZoneInfo(key='Europe/Berlin')), 'description': 'time pattern'}}}]), 'condition/0': deque([{'path': 'condition/0', 'timestamp': datetime.datetime(2024, 10, 7, 20, 6, 0, 225986, tzinfo=datetime.timezone.utc), 'result': {'result': False, 'entities': ['input_number.water_circulation_period']}}])}
2024-10-07 22:06:00.413 DEBUG (MainThread) [homeassistant.components.automation.light_intensity_control] Automation trigger 'None' triggered by time pattern
2024-10-07 22:06:00.416 INFO (MainThread) [homeassistant.components.automation.light_intensity_control] Light Intensity Control: Running automation actions
2024-10-07 22:06:00.417 INFO (MainThread) [homeassistant.components.automation.light_intensity_control] Light Intensity Control: Executing step setting variables
2024-10-07 22:06:00.424 INFO (MainThread) [homeassistant.components.automation.light_intensity_control] Light Intensity Control: Executing step call service
2024-10-07 22:06:00.429 INFO (MainThread) [homeassistant.components.automation.light_intensity_control] Light Intensity Control: Executing step call service
2024-10-07 22:06:00.434 INFO (MainThread) [homeassistant.components.automation.light_intensity_control] Light Intensity Control: Executing step call service
2024-10-07 22:06:00.435 INFO (MainThread) [homeassistant.components.automation.light_intensity_control] Light Intensity Control: Executing step call service
2024-10-07 22:06:00.438 DEBUG (MainThread) [homeassistant.components.automation.timelapse] Automation trigger 'None' triggered by time pattern
2024-10-07 22:06:00.441 DEBUG (MainThread) [homeassistant.components.automation.timelapse] Conditions not met, aborting automation. Condition summary: {'trigger/0': deque([{'path': 'trigger/0', 'timestamp': datetime.datetime(2024, 10, 7, 20, 6, 0, 438428, tzinfo=datetime.timezone.utc), 'changed_variables': {'this': {'entity_id': 'automation.timelapse', 'state': 'on', 'attributes': {'id': 'automations_timelapse', 'last_triggered': datetime.datetime(2024, 10, 7, 20, 0, 0, 443702, tzinfo=datetime.timezone.utc), 'mode': 'single', 'current': 0, 'friendly_name': 'Timelapse'}, 'last_changed': '2024-10-07T19:46:23.605575+00:00', 'last_reported': '2024-10-07T20:00:01.484035+00:00', 'last_updated': '2024-10-07T20:00:01.484035+00:00', 'context': {'id': '01J9M92DXQX3H2ACN6GHEV4A53', 'parent_id': None, 'user_id': None}}, 'trigger': {'id': '0', 'idx': '0', 'alias': None, 'platform': 'time_pattern', 'now': datetime.datetime(2024, 10, 7, 22, 6, 0, 437822, tzinfo=zoneinfo.ZoneInfo(key='Europe/Berlin')), 'description': 'time pattern'}}}]), 'condition/0': deque([{'path': 'condition/0', 'timestamp': datetime.datetime(2024, 10, 7, 20, 6, 0, 438490, tzinfo=datetime.timezone.utc), 'result': {'result': False, 'entities': ['input_number.timelapse_period']}}])}
2024-10-07 22:07:00.128 DEBUG (MainThread) [homeassistant.components.automation.vpd_control_automation] Automation trigger 'None' triggered by time pattern
2024-10-07 22:07:00.131 INFO (MainThread) [homeassistant.components.automation.vpd_control_automation] VPD Control Automation: Running automation actions
2024-10-07 22:07:00.132 INFO (MainThread) [homeassistant.components.automation.vpd_control_automation] VPD Control Automation: Executing step setting variables
2024-10-07 22:07:00.146 INFO (MainThread) [homeassistant.components.automation.vpd_control_automation] VPD Control Automation: Executing step call service
2024-10-07 22:07:00.147 INFO (MainThread) [homeassistant.components.automation.vpd_control_automation] VPD Control Automation: Executing step call service
2024-10-07 22:07:00.149 INFO (MainThread) [homeassistant.components.automation.vpd_control_automation] VPD Control Automation: Executing step call service
2024-10-07 22:07:00.149 WARNING (MainThread) [homeassistant.helpers.service] Referenced entities input_number.previous_d_canopy_target are missing or not currently available
2024-10-07 22:07:00.150 INFO (MainThread) [homeassistant.components.automation.vpd_control_automation] VPD Control Automation: Executing step call service
2024-10-07 22:07:00.150 WARNING (MainThread) [homeassistant.helpers.service] Referenced entities input_number.integral_intake are missing or not currently available
2024-10-07 22:07:00.152 INFO (MainThread) [homeassistant.components.automation.vpd_control_automation] VPD Control Automation: Executing step call service
2024-10-07 22:07:00.155 WARNING (MainThread) [homeassistant.helpers.service] Referenced entities input_number.integral_exhaust are missing or not currently available
2024-10-07 22:07:00.156 INFO (MainThread) [homeassistant.components.automation.vpd_control_automation] VPD Control Automation: Choose at step 7: choice 1: Running automation actions
2024-10-07 22:07:00.157 INFO (MainThread) [homeassistant.components.automation.vpd_control_automation] VPD Control Automation: Choose at step 7: choice 1: Choose at step 1: choice 2: Running automation actions
2024-10-07 22:07:00.157 INFO (MainThread) [homeassistant.components.automation.vpd_control_automation] VPD Control Automation: Choose at step 7: choice 1: Choose at step 1: choice 2: Executing step call service
2024-10-07 22:07:00.225 DEBUG (MainThread) [homeassistant.components.automation.water_circulation] Automation trigger 'None' triggered by time pattern
2024-10-07 22:07:00.227 DEBUG (MainThread) [homeassistant.components.automation.water_circulation] Conditions not met, aborting automation. Condition summary: {'trigger/0': deque([{'path': 'trigger/0', 'timestamp': datetime.datetime(2024, 10, 7, 20, 7, 0, 226625, tzinfo=datetime.timezone.utc), 'changed_variables': {'this': {'entity_id': 'automation.water_circulation', 'state': 'on', 'attributes': {'id': 'automations_water_circulation', 'last_triggered': datetime.datetime(2024, 10, 7, 20, 0, 0, 227460, tzinfo=datetime.timezone.utc), 'mode': 'single', 'current': 0, 'friendly_name': 'Water Circulation'}, 'last_changed': '2024-10-07T19:46:23.607126+00:00', 'last_reported': '2024-10-07T20:00:05.243192+00:00', 'last_updated': '2024-10-07T20:00:05.243192+00:00', 'context': {'id': '01J9M92JKV657T2P0QTBBG5XA3', 'parent_id': None, 'user_id': None}}, 'trigger': {'id': '0', 'idx': '0', 'alias': None, 'platform': 'time_pattern', 'now': datetime.datetime(2024, 10, 7, 22, 7, 0, 225333, tzinfo=zoneinfo.ZoneInfo(key='Europe/Berlin')), 'description': 'time pattern'}}}]), 'condition/0': deque([{'path': 'condition/0', 'timestamp': datetime.datetime(2024, 10, 7, 20, 7, 0, 226752, tzinfo=datetime.timezone.utc), 'result': {'result': False, 'entities': ['input_number.water_circulation_period']}}])}
2024-10-07 22:07:00.434 DEBUG (MainThread) [homeassistant.components.automation.timelapse] Automation trigger 'None' triggered by time pattern
2024-10-07 22:07:00.436 DEBUG (MainThread) [homeassistant.components.automation.timelapse] Conditions not met, aborting automation. Condition summary: {'trigger/0': deque([{'path': 'trigger/0', 'timestamp': datetime.datetime(2024, 10, 7, 20, 7, 0, 435006, tzinfo=datetime.timezone.utc), 'changed_variables': {'this': {'entity_id': 'automation.timelapse', 'state': 'on', 'attributes': {'id': 'automations_timelapse', 'last_triggered': datetime.datetime(2024, 10, 7, 20, 0, 0, 443702, tzinfo=datetime.timezone.utc), 'mode': 'single', 'current': 0, 'friendly_name': 'Timelapse'}, 'last_changed': '2024-10-07T19:46:23.605575+00:00', 'last_reported': '2024-10-07T20:00:01.484035+00:00', 'last_updated': '2024-10-07T20:00:01.484035+00:00', 'context': {'id': '01J9M92DXQX3H2ACN6GHEV4A53', 'parent_id': None, 'user_id': None}}, 'trigger': {'id': '0', 'idx': '0', 'alias': None, 'platform': 'time_pattern', 'now': datetime.datetime(2024, 10, 7, 22, 7, 0, 433745, tzinfo=zoneinfo.ZoneInfo(key='Europe/Berlin')), 'description': 'time pattern'}}}]), 'condition/0': deque([{'path': 'condition/0', 'timestamp': datetime.datetime(2024, 10, 7, 20, 7, 0, 435134, tzinfo=datetime.timezone.utc), 'result': {'result': False, 'entities': ['input_number.timelapse_period']}}])}
2024-10-07 22:08:00.127 DEBUG (MainThread) [homeassistant.components.automation.vpd_control_automation] Automation trigger 'None' triggered by time pattern
2024-10-07 22:08:00.131 INFO (MainThread) [homeassistant.components.automation.vpd_control_automation] VPD Control Automation: Running automation actions
2024-10-07 22:08:00.131 INFO (MainThread) [homeassistant.components.automation.vpd_control_automation] VPD Control Automation: Executing step setting variables
2024-10-07 22:08:00.141 INFO (MainThread) [homeassistant.components.automation.vpd_control_automation] VPD Control Automation: Executing step call service
2024-10-07 22:08:00.142 INFO (MainThread) [homeassistant.components.automation.vpd_control_automation] VPD Control Automation: Executing step call service
2024-10-07 22:08:00.143 INFO (MainThread) [homeassistant.components.automation.vpd_control_automation] VPD Control Automation: Executing step call service
2024-10-07 22:08:00.144 WARNING (MainThread) [homeassistant.helpers.service] Referenced entities input_number.previous_d_canopy_target are missing or not currently available
2024-10-07 22:08:00.144 INFO (MainThread) [homeassistant.components.automation.vpd_control_automation] VPD Control Automation: Executing step call service
2024-10-07 22:08:00.145 WARNING (MainThread) [homeassistant.helpers.service] Referenced entities input_number.integral_intake are missing or not currently available
2024-10-07 22:08:00.147 INFO (MainThread) [homeassistant.components.automation.vpd_control_automation] VPD Control Automation: Executing step call service
2024-10-07 22:08:00.148 WARNING (MainThread) [homeassistant.helpers.service] Referenced entities input_number.integral_exhaust are missing or not currently available
2024-10-07 22:08:00.149 INFO (MainThread) [homeassistant.components.automation.vpd_control_automation] VPD Control Automation: Choose at step 7: choice 1: Running automation actions
2024-10-07 22:08:00.150 INFO (MainThread) [homeassistant.components.automation.vpd_control_automation] VPD Control Automation: Choose at step 7: choice 1: Choose at step 1: choice 2: Running automation actions
2024-10-07 22:08:00.151 INFO (MainThread) [homeassistant.components.automation.vpd_control_automation] VPD Control Automation: Choose at step 7: choice 1: Choose at step 1: choice 2: Executing step call service
2024-10-07 22:08:00.225 DEBUG (MainThread) [homeassistant.components.automation.water_circulation] Automation trigger 'None' triggered by time pattern
2024-10-07 22:08:00.227 DEBUG (MainThread) [homeassistant.components.automation.water_circulation] Conditions not met, aborting automation. Condition summary: {'trigger/0': deque([{'path': 'trigger/0', 'timestamp': datetime.datetime(2024, 10, 7, 20, 8, 0, 226103, tzinfo=datetime.timezone.utc), 'changed_variables': {'this': {'entity_id': 'automation.water_circulation', 'state': 'on', 'attributes': {'id': 'automations_water_circulation', 'last_triggered': datetime.datetime(2024, 10, 7, 20, 0, 0, 227460, tzinfo=datetime.timezone.utc), 'mode': 'single', 'current': 0, 'friendly_name': 'Water Circulation'}, 'last_changed': '2024-10-07T19:46:23.607126+00:00', 'last_reported': '2024-10-07T20:00:05.243192+00:00', 'last_updated': '2024-10-07T20:00:05.243192+00:00', 'context': {'id': '01J9M92JKV657T2P0QTBBG5XA3', 'parent_id': None, 'user_id': None}}, 'trigger': {'id': '0', 'idx': '0', 'alias': None, 'platform': 'time_pattern', 'now': datetime.datetime(2024, 10, 7, 22, 8, 0, 224787, tzinfo=zoneinfo.ZoneInfo(key='Europe/Berlin')), 'description': 'time pattern'}}}]), 'condition/0': deque([{'path': 'condition/0', 'timestamp': datetime.datetime(2024, 10, 7, 20, 8, 0, 226219, tzinfo=datetime.timezone.utc), 'result': {'result': False, 'entities': ['input_number.water_circulation_period']}}])}
2024-10-07 22:08:00.414 DEBUG (MainThread) [homeassistant.components.automation.light_intensity_control] Automation trigger 'None' triggered by time pattern
2024-10-07 22:08:00.417 INFO (MainThread) [homeassistant.components.automation.light_intensity_control] Light Intensity Control: Running automation actions
2024-10-07 22:08:00.417 INFO (MainThread) [homeassistant.components.automation.light_intensity_control] Light Intensity Control: Executing step setting variables
2024-10-07 22:08:00.425 INFO (MainThread) [homeassistant.components.automation.light_intensity_control] Light Intensity Control: Executing step call service
2024-10-07 22:08:00.432 INFO (MainThread) [homeassistant.components.automation.light_intensity_control] Light Intensity Control: Executing step call service
2024-10-07 22:08:00.436 INFO (MainThread) [homeassistant.components.automation.light_intensity_control] Light Intensity Control: Executing step call service
2024-10-07 22:08:00.437 INFO (MainThread) [homeassistant.components.automation.light_intensity_control] Light Intensity Control: Executing step call service
2024-10-07 22:08:00.440 DEBUG (MainThread) [homeassistant.components.automation.timelapse] Automation trigger 'None' triggered by time pattern
2024-10-07 22:08:00.440 DEBUG (MainThread) [homeassistant.components.automation.timelapse] Conditions not met, aborting automation. Condition summary: {'trigger/0': deque([{'path': 'trigger/0', 'timestamp': datetime.datetime(2024, 10, 7, 20, 8, 0, 440321, tzinfo=datetime.timezone.utc), 'changed_variables': {'this': {'entity_id': 'automation.timelapse', 'state': 'on', 'attributes': {'id': 'automations_timelapse', 'last_triggered': datetime.datetime(2024, 10, 7, 20, 0, 0, 443702, tzinfo=datetime.timezone.utc), 'mode': 'single', 'current': 0, 'friendly_name': 'Timelapse'}, 'last_changed': '2024-10-07T19:46:23.605575+00:00', 'last_reported': '2024-10-07T20:00:01.484035+00:00', 'last_updated': '2024-10-07T20:00:01.484035+00:00', 'context': {'id': '01J9M92DXQX3H2ACN6GHEV4A53', 'parent_id': None, 'user_id': None}}, 'trigger': {'id': '0', 'idx': '0', 'alias': None, 'platform': 'time_pattern', 'now': datetime.datetime(2024, 10, 7, 22, 8, 0, 439782, tzinfo=zoneinfo.ZoneInfo(key='Europe/Berlin')), 'description': 'time pattern'}}}]), 'condition/0': deque([{'path': 'condition/0', 'timestamp': datetime.datetime(2024, 10, 7, 20, 8, 0, 440384, tzinfo=datetime.timezone.utc), 'result': {'result': False, 'entities': ['input_number.timelapse_period']}}])}
2024-10-07 22:09:00.128 DEBUG (MainThread) [homeassistant.components.automation.vpd_control_automation] Automation trigger 'None' triggered by time pattern
2024-10-07 22:09:00.131 INFO (MainThread) [homeassistant.components.automation.vpd_control_automation] VPD Control Automation: Running automation actions
2024-10-07 22:09:00.132 INFO (MainThread) [homeassistant.components.automation.vpd_control_automation] VPD Control Automation: Executing step setting variables
2024-10-07 22:09:00.142 INFO (MainThread) [homeassistant.components.automation.vpd_control_automation] VPD Control Automation: Executing step call service
2024-10-07 22:09:00.143 INFO (MainThread) [homeassistant.components.automation.vpd_control_automation] VPD Control Automation: Executing step call service
2024-10-07 22:09:00.144 INFO (MainThread) [homeassistant.components.automation.vpd_control_automation] VPD Control Automation: Executing step call service
2024-10-07 22:09:00.149 WARNING (MainThread) [homeassistant.helpers.service] Referenced entities input_number.previous_d_canopy_target are missing or not currently available
2024-10-07 22:09:00.150 INFO (MainThread) [homeassistant.components.automation.vpd_control_automation] VPD Control Automation: Executing step call service
2024-10-07 22:09:00.150 WARNING (MainThread) [homeassistant.helpers.service] Referenced entities input_number.integral_intake are missing or not currently available
2024-10-07 22:09:00.151 INFO (MainThread) [homeassistant.components.automation.vpd_control_automation] VPD Control Automation: Executing step call service
2024-10-07 22:09:00.151 WARNING (MainThread) [homeassistant.helpers.service] Referenced entities input_number.integral_exhaust are missing or not currently available
2024-10-07 22:09:00.152 INFO (MainThread) [homeassistant.components.automation.vpd_control_automation] VPD Control Automation: Choose at step 7: choice 1: Running automation actions
2024-10-07 22:09:00.153 INFO (MainThread) [homeassistant.components.automation.vpd_control_automation] VPD Control Automation: Choose at step 7: choice 1: Choose at step 1: choice 2: Running automation actions
2024-10-07 22:09:00.155 INFO (MainThread) [homeassistant.components.automation.vpd_control_automation] VPD Control Automation: Choose at step 7: choice 1: Choose at step 1: choice 2: Executing step call service
2024-10-07 22:09:00.225 DEBUG (MainThread) [homeassistant.components.automation.water_circulation] Automation trigger 'None' triggered by time pattern
2024-10-07 22:09:00.226 DEBUG (MainThread) [homeassistant.components.automation.water_circulation] Conditions not met, aborting automation. Condition summary: {'trigger/0': deque([{'path': 'trigger/0', 'timestamp': datetime.datetime(2024, 10, 7, 20, 9, 0, 225643, tzinfo=datetime.timezone.utc), 'changed_variables': {'this': {'entity_id': 'automation.water_circulation', 'state': 'on', 'attributes': {'id': 'automations_water_circulation', 'last_triggered': datetime.datetime(2024, 10, 7, 20, 0, 0, 227460, tzinfo=datetime.timezone.utc), 'mode': 'single', 'current': 0, 'friendly_name': 'Water Circulation'}, 'last_changed': '2024-10-07T19:46:23.607126+00:00', 'last_reported': '2024-10-07T20:00:05.243192+00:00', 'last_updated': '2024-10-07T20:00:05.243192+00:00', 'context': {'id': '01J9M92JKV657T2P0QTBBG5XA3', 'parent_id': None, 'user_id': None}}, 'trigger': {'id': '0', 'idx': '0', 'alias': None, 'platform': 'time_pattern', 'now': datetime.datetime(2024, 10, 7, 22, 9, 0, 224509, tzinfo=zoneinfo.ZoneInfo(key='Europe/Berlin')), 'description': 'time pattern'}}}]), 'condition/0': deque([{'path': 'condition/0', 'timestamp': datetime.datetime(2024, 10, 7, 20, 9, 0, 225756, tzinfo=datetime.timezone.utc), 'result': {'result': False, 'entities': ['input_number.water_circulation_period']}}])}
2024-10-07 22:09:00.434 DEBUG (MainThread) [homeassistant.components.automation.timelapse] Automation trigger 'None' triggered by time pattern
2024-10-07 22:09:00.436 DEBUG (MainThread) [homeassistant.components.automation.timelapse] Conditions not met, aborting automation. Condition summary: {'trigger/0': deque([{'path': 'trigger/0', 'timestamp': datetime.datetime(2024, 10, 7, 20, 9, 0, 435259, tzinfo=datetime.timezone.utc), 'changed_variables': {'this': {'entity_id': 'automation.timelapse', 'state': 'on', 'attributes': {'id': 'automations_timelapse', 'last_triggered': datetime.datetime(2024, 10, 7, 20, 0, 0, 443702, tzinfo=datetime.timezone.utc), 'mode': 'single', 'current': 0, 'friendly_name': 'Timelapse'}, 'last_changed': '2024-10-07T19:46:23.605575+00:00', 'last_reported': '2024-10-07T20:00:01.484035+00:00', 'last_updated': '2024-10-07T20:00:01.484035+00:00', 'context': {'id': '01J9M92DXQX3H2ACN6GHEV4A53', 'parent_id': None, 'user_id': None}}, 'trigger': {'id': '0', 'idx': '0', 'alias': None, 'platform': 'time_pattern', 'now': datetime.datetime(2024, 10, 7, 22, 9, 0, 434030, tzinfo=zoneinfo.ZoneInfo(key='Europe/Berlin')), 'description': 'time pattern'}}}]), 'condition/0': deque([{'path': 'condition/0', 'timestamp': datetime.datetime(2024, 10, 7, 20, 9, 0, 435386, tzinfo=datetime.timezone.utc), 'result': {'result': False, 'entities': ['input_number.timelapse_period']}}])}
